Archive member included because of file (symbol)

c:/users/fly labs/desktop/imt tools/interfacing/imt_sdk_win_64/winavr/bin/../lib/gcc/avr/4.3.3/avr5\libgcc.a(_divmodhi4.o)
                              ./main.o (__divmodhi4)
c:/users/fly labs/desktop/imt tools/interfacing/imt_sdk_win_64/winavr/bin/../lib/gcc/avr/4.3.3/avr5\libgcc.a(_udivmodsi4.o)
                              ./LCD_prog.o (__udivmodsi4)
c:/users/fly labs/desktop/imt tools/interfacing/imt_sdk_win_64/winavr/bin/../lib/gcc/avr/4.3.3/avr5\libgcc.a(_exit.o)
                              c:/users/fly labs/desktop/imt tools/interfacing/imt_sdk_win_64/winavr/bin/../lib/gcc/avr/4.3.3/../../../../avr/lib/avr5/crtm32.o (exit)
c:/users/fly labs/desktop/imt tools/interfacing/imt_sdk_win_64/winavr/bin/../lib/gcc/avr/4.3.3/avr5\libgcc.a(_copy_data.o)
                              ./main.o (__do_copy_data)
c:/users/fly labs/desktop/imt tools/interfacing/imt_sdk_win_64/winavr/bin/../lib/gcc/avr/4.3.3/avr5\libgcc.a(_clear_bss.o)
                              ./ADC_Driver_prog.o (__do_clear_bss)
c:/users/fly labs/desktop/imt tools/interfacing/imt_sdk_win_64/winavr/bin/../lib/gcc/avr/4.3.3/avr5\libgcc.a(_fixunssfsi.o)
                              ./LCD_prog.o (__fixunssfsi)
c:/users/fly labs/desktop/imt tools/interfacing/imt_sdk_win_64/winavr/bin/../lib/gcc/avr/4.3.3/avr5\libgcc.a(_addsub_sf.o)
                              c:/users/fly labs/desktop/imt tools/interfacing/imt_sdk_win_64/winavr/bin/../lib/gcc/avr/4.3.3/avr5\libgcc.a(_fixunssfsi.o) (__subsf3)
c:/users/fly labs/desktop/imt tools/interfacing/imt_sdk_win_64/winavr/bin/../lib/gcc/avr/4.3.3/avr5\libgcc.a(_mul_sf.o)
                              ./LCD_prog.o (__mulsf3)
c:/users/fly labs/desktop/imt tools/interfacing/imt_sdk_win_64/winavr/bin/../lib/gcc/avr/4.3.3/avr5\libgcc.a(_gt_sf.o)
                              ./LCD_prog.o (__gtsf2)
c:/users/fly labs/desktop/imt tools/interfacing/imt_sdk_win_64/winavr/bin/../lib/gcc/avr/4.3.3/avr5\libgcc.a(_ge_sf.o)
                              c:/users/fly labs/desktop/imt tools/interfacing/imt_sdk_win_64/winavr/bin/../lib/gcc/avr/4.3.3/avr5\libgcc.a(_fixunssfsi.o) (__gesf2)
c:/users/fly labs/desktop/imt tools/interfacing/imt_sdk_win_64/winavr/bin/../lib/gcc/avr/4.3.3/avr5\libgcc.a(_lt_sf.o)
                              ./LCD_prog.o (__ltsf2)
c:/users/fly labs/desktop/imt tools/interfacing/imt_sdk_win_64/winavr/bin/../lib/gcc/avr/4.3.3/avr5\libgcc.a(_sf_to_si.o)
                              c:/users/fly labs/desktop/imt tools/interfacing/imt_sdk_win_64/winavr/bin/../lib/gcc/avr/4.3.3/avr5\libgcc.a(_fixunssfsi.o) (__fixsfsi)
c:/users/fly labs/desktop/imt tools/interfacing/imt_sdk_win_64/winavr/bin/../lib/gcc/avr/4.3.3/avr5\libgcc.a(_thenan_sf.o)
                              c:/users/fly labs/desktop/imt tools/interfacing/imt_sdk_win_64/winavr/bin/../lib/gcc/avr/4.3.3/avr5\libgcc.a(_addsub_sf.o) (__thenan_sf)
c:/users/fly labs/desktop/imt tools/interfacing/imt_sdk_win_64/winavr/bin/../lib/gcc/avr/4.3.3/avr5\libgcc.a(_udivmodhi4.o)
                              c:/users/fly labs/desktop/imt tools/interfacing/imt_sdk_win_64/winavr/bin/../lib/gcc/avr/4.3.3/avr5\libgcc.a(_divmodhi4.o) (__udivmodhi4)
c:/users/fly labs/desktop/imt tools/interfacing/imt_sdk_win_64/winavr/bin/../lib/gcc/avr/4.3.3/avr5\libgcc.a(_prologue.o)
                              c:/users/fly labs/desktop/imt tools/interfacing/imt_sdk_win_64/winavr/bin/../lib/gcc/avr/4.3.3/avr5\libgcc.a(_addsub_sf.o) (__prologue_saves__)
c:/users/fly labs/desktop/imt tools/interfacing/imt_sdk_win_64/winavr/bin/../lib/gcc/avr/4.3.3/avr5\libgcc.a(_epilogue.o)
                              c:/users/fly labs/desktop/imt tools/interfacing/imt_sdk_win_64/winavr/bin/../lib/gcc/avr/4.3.3/avr5\libgcc.a(_addsub_sf.o) (__epilogue_restores__)
c:/users/fly labs/desktop/imt tools/interfacing/imt_sdk_win_64/winavr/bin/../lib/gcc/avr/4.3.3/avr5\libgcc.a(_pack_sf.o)
                              c:/users/fly labs/desktop/imt tools/interfacing/imt_sdk_win_64/winavr/bin/../lib/gcc/avr/4.3.3/avr5\libgcc.a(_addsub_sf.o) (__pack_f)
c:/users/fly labs/desktop/imt tools/interfacing/imt_sdk_win_64/winavr/bin/../lib/gcc/avr/4.3.3/avr5\libgcc.a(_unpack_sf.o)
                              c:/users/fly labs/desktop/imt tools/interfacing/imt_sdk_win_64/winavr/bin/../lib/gcc/avr/4.3.3/avr5\libgcc.a(_addsub_sf.o) (__unpack_f)
c:/users/fly labs/desktop/imt tools/interfacing/imt_sdk_win_64/winavr/bin/../lib/gcc/avr/4.3.3/avr5\libgcc.a(_fpcmp_parts_sf.o)
                              c:/users/fly labs/desktop/imt tools/interfacing/imt_sdk_win_64/winavr/bin/../lib/gcc/avr/4.3.3/avr5\libgcc.a(_gt_sf.o) (__fpcmp_parts_f)

Allocating common symbols
Common symbol       size              file

up                  0x1               ./main.o
flag                0x1               ./main.o
down                0x1               ./main.o

Memory Configuration

Name             Origin             Length             Attributes
text             0x00000000         0x00020000         xr
data             0x00800060         0x0000ffa0         rw !x
eeprom           0x00810000         0x00010000         rw !x
fuse             0x00820000         0x00000400         rw !x
lock             0x00830000         0x00000400         rw !x
signature        0x00840000         0x00000400         rw !x
*default*        0x00000000         0xffffffff

Linker script and memory map

LOAD c:/users/fly labs/desktop/imt tools/interfacing/imt_sdk_win_64/winavr/bin/../lib/gcc/avr/4.3.3/../../../../avr/lib/avr5/crtm32.o
LOAD ./ADC_Driver_prog.o
LOAD ./DIO_prog.o
LOAD ./EX_Interrupt_prog.o
LOAD ./KeyPad_prog.o
LOAD ./LCD_prog.o
LOAD ./Timer_Driver_prog.o
LOAD ./main.o
LOAD c:/users/fly labs/desktop/imt tools/interfacing/imt_sdk_win_64/winavr/bin/../lib/gcc/avr/4.3.3/avr5\libgcc.a
LOAD c:/users/fly labs/desktop/imt tools/interfacing/imt_sdk_win_64/winavr/bin/../lib/gcc/avr/4.3.3/../../../../avr/lib/avr5\libc.a
LOAD c:/users/fly labs/desktop/imt tools/interfacing/imt_sdk_win_64/winavr/bin/../lib/gcc/avr/4.3.3/avr5\libgcc.a

.hash
 *(.hash)

.dynsym
 *(.dynsym)

.dynstr
 *(.dynstr)

.gnu.version
 *(.gnu.version)

.gnu.version_d
 *(.gnu.version_d)

.gnu.version_r
 *(.gnu.version_r)

.rel.init
 *(.rel.init)

.rela.init
 *(.rela.init)

.rel.text
 *(.rel.text)
 *(.rel.text.*)
 *(.rel.gnu.linkonce.t*)

.rela.text
 *(.rela.text)
 *(.rela.text.*)
 *(.rela.gnu.linkonce.t*)

.rel.fini
 *(.rel.fini)

.rela.fini
 *(.rela.fini)

.rel.rodata
 *(.rel.rodata)
 *(.rel.rodata.*)
 *(.rel.gnu.linkonce.r*)

.rela.rodata
 *(.rela.rodata)
 *(.rela.rodata.*)
 *(.rela.gnu.linkonce.r*)

.rel.data
 *(.rel.data)
 *(.rel.data.*)
 *(.rel.gnu.linkonce.d*)

.rela.data
 *(.rela.data)
 *(.rela.data.*)
 *(.rela.gnu.linkonce.d*)

.rel.ctors
 *(.rel.ctors)

.rela.ctors
 *(.rela.ctors)

.rel.dtors
 *(.rel.dtors)

.rela.dtors
 *(.rela.dtors)

.rel.got
 *(.rel.got)

.rela.got
 *(.rela.got)

.rel.bss
 *(.rel.bss)

.rela.bss
 *(.rela.bss)

.rel.plt
 *(.rel.plt)

.rela.plt
 *(.rela.plt)

.text           0x00000000     0x2dae
 *(.vectors)
 .vectors       0x00000000       0x54 c:/users/fly labs/desktop/imt tools/interfacing/imt_sdk_win_64/winavr/bin/../lib/gcc/avr/4.3.3/../../../../avr/lib/avr5/crtm32.o
                0x00000000                __vectors
                0x00000000                __vector_default
 *(.vectors)
 *(.progmem.gcc*)
 *(.progmem*)
                0x00000054                . = ALIGN (0x2)
                0x00000054                __trampolines_start = .
 *(.trampolines)
 .trampolines   0x00000054        0x0 linker stubs
 *(.trampolines*)
                0x00000054                __trampolines_end = .
 *(.jumptables)
 *(.jumptables*)
 *(.lowtext)
 *(.lowtext*)
                0x00000054                __ctors_start = .
 *(.ctors)
                0x00000054                __ctors_end = .
                0x00000054                __dtors_start = .
 *(.dtors)
                0x00000054                __dtors_end = .
 SORT(*)(.ctors)
 SORT(*)(.dtors)
 *(.init0)
 .init0         0x00000054        0x0 c:/users/fly labs/desktop/imt tools/interfacing/imt_sdk_win_64/winavr/bin/../lib/gcc/avr/4.3.3/../../../../avr/lib/avr5/crtm32.o
                0x00000054                __init
 *(.init0)
 *(.init1)
 *(.init1)
 *(.init2)
 .init2         0x00000054        0xc c:/users/fly labs/desktop/imt tools/interfacing/imt_sdk_win_64/winavr/bin/../lib/gcc/avr/4.3.3/../../../../avr/lib/avr5/crtm32.o
 *(.init2)
 *(.init3)
 *(.init3)
 *(.init4)
 .init4         0x00000060       0x16 c:/users/fly labs/desktop/imt tools/interfacing/imt_sdk_win_64/winavr/bin/../lib/gcc/avr/4.3.3/avr5\libgcc.a(_copy_data.o)
                0x00000060                __do_copy_data
 .init4         0x00000076       0x10 c:/users/fly labs/desktop/imt tools/interfacing/imt_sdk_win_64/winavr/bin/../lib/gcc/avr/4.3.3/avr5\libgcc.a(_clear_bss.o)
                0x00000076                __do_clear_bss
 *(.init4)
 *(.init5)
 *(.init5)
 *(.init6)
 *(.init6)
 *(.init7)
 *(.init7)
 *(.init8)
 *(.init8)
 *(.init9)
 .init9         0x00000086        0x8 c:/users/fly labs/desktop/imt tools/interfacing/imt_sdk_win_64/winavr/bin/../lib/gcc/avr/4.3.3/../../../../avr/lib/avr5/crtm32.o
 *(.init9)
 *(.text)
 .text          0x0000008e        0x4 c:/users/fly labs/desktop/imt tools/interfacing/imt_sdk_win_64/winavr/bin/../lib/gcc/avr/4.3.3/../../../../avr/lib/avr5/crtm32.o
                0x0000008e                __vector_12
                0x0000008e                __bad_interrupt
                0x0000008e                __vector_6
                0x0000008e                __vector_3
                0x0000008e                __vector_11
                0x0000008e                __vector_13
                0x0000008e                __vector_17
                0x0000008e                __vector_19
                0x0000008e                __vector_7
                0x0000008e                __vector_5
                0x0000008e                __vector_4
                0x0000008e                __vector_9
                0x0000008e                __vector_15
                0x0000008e                __vector_8
                0x0000008e                __vector_14
                0x0000008e                __vector_10
                0x0000008e                __vector_18
                0x0000008e                __vector_20
 .text          0x00000092        0x0 ./ADC_Driver_prog.o
 .text          0x00000092        0x0 ./DIO_prog.o
 .text          0x00000092        0x0 ./EX_Interrupt_prog.o
 .text          0x00000092        0x0 ./KeyPad_prog.o
 .text          0x00000092        0x0 ./LCD_prog.o
 .text          0x00000092        0x0 ./Timer_Driver_prog.o
 .text          0x00000092        0x0 ./main.o
 .text          0x00000092        0x0 c:/users/fly labs/desktop/imt tools/interfacing/imt_sdk_win_64/winavr/bin/../lib/gcc/avr/4.3.3/avr5\libgcc.a(_divmodhi4.o)
 .text          0x00000092        0x0 c:/users/fly labs/desktop/imt tools/interfacing/imt_sdk_win_64/winavr/bin/../lib/gcc/avr/4.3.3/avr5\libgcc.a(_udivmodsi4.o)
 .text          0x00000092        0x0 c:/users/fly labs/desktop/imt tools/interfacing/imt_sdk_win_64/winavr/bin/../lib/gcc/avr/4.3.3/avr5\libgcc.a(_exit.o)
 .text          0x00000092        0x0 c:/users/fly labs/desktop/imt tools/interfacing/imt_sdk_win_64/winavr/bin/../lib/gcc/avr/4.3.3/avr5\libgcc.a(_copy_data.o)
 .text          0x00000092        0x0 c:/users/fly labs/desktop/imt tools/interfacing/imt_sdk_win_64/winavr/bin/../lib/gcc/avr/4.3.3/avr5\libgcc.a(_clear_bss.o)
 .text          0x00000092       0x58 c:/users/fly labs/desktop/imt tools/interfacing/imt_sdk_win_64/winavr/bin/../lib/gcc/avr/4.3.3/avr5\libgcc.a(_fixunssfsi.o)
                0x00000092                __fixunssfsi
 .text          0x000000ea      0x354 c:/users/fly labs/desktop/imt tools/interfacing/imt_sdk_win_64/winavr/bin/../lib/gcc/avr/4.3.3/avr5\libgcc.a(_addsub_sf.o)
                0x00000382                __subsf3
                0x000003e4                __addsf3
 .text          0x0000043e      0x1f4 c:/users/fly labs/desktop/imt tools/interfacing/imt_sdk_win_64/winavr/bin/../lib/gcc/avr/4.3.3/avr5\libgcc.a(_mul_sf.o)
                0x0000043e                __mulsf3
 .text          0x00000632       0x60 c:/users/fly labs/desktop/imt tools/interfacing/imt_sdk_win_64/winavr/bin/../lib/gcc/avr/4.3.3/avr5\libgcc.a(_gt_sf.o)
                0x00000632                __gtsf2
 .text          0x00000692       0x60 c:/users/fly labs/desktop/imt tools/interfacing/imt_sdk_win_64/winavr/bin/../lib/gcc/avr/4.3.3/avr5\libgcc.a(_ge_sf.o)
                0x00000692                __gesf2
 .text          0x000006f2       0x60 c:/users/fly labs/desktop/imt tools/interfacing/imt_sdk_win_64/winavr/bin/../lib/gcc/avr/4.3.3/avr5\libgcc.a(_lt_sf.o)
                0x000006f2                __ltsf2
 .text          0x00000752       0xa8 c:/users/fly labs/desktop/imt tools/interfacing/imt_sdk_win_64/winavr/bin/../lib/gcc/avr/4.3.3/avr5\libgcc.a(_sf_to_si.o)
                0x00000752                __fixsfsi
 .text          0x000007fa        0x0 c:/users/fly labs/desktop/imt tools/interfacing/imt_sdk_win_64/winavr/bin/../lib/gcc/avr/4.3.3/avr5\libgcc.a(_thenan_sf.o)
 .text          0x000007fa        0x0 c:/users/fly labs/desktop/imt tools/interfacing/imt_sdk_win_64/winavr/bin/../lib/gcc/avr/4.3.3/avr5\libgcc.a(_udivmodhi4.o)
 .text          0x000007fa        0x0 c:/users/fly labs/desktop/imt tools/interfacing/imt_sdk_win_64/winavr/bin/../lib/gcc/avr/4.3.3/avr5\libgcc.a(_prologue.o)
 .text          0x000007fa        0x0 c:/users/fly labs/desktop/imt tools/interfacing/imt_sdk_win_64/winavr/bin/../lib/gcc/avr/4.3.3/avr5\libgcc.a(_epilogue.o)
 .text          0x000007fa      0x1aa c:/users/fly labs/desktop/imt tools/interfacing/imt_sdk_win_64/winavr/bin/../lib/gcc/avr/4.3.3/avr5\libgcc.a(_pack_sf.o)
                0x000007fa                __pack_f
 .text          0x000009a4       0xf0 c:/users/fly labs/desktop/imt tools/interfacing/imt_sdk_win_64/winavr/bin/../lib/gcc/avr/4.3.3/avr5\libgcc.a(_unpack_sf.o)
                0x000009a4                __unpack_f
 .text          0x00000a94       0xb2 c:/users/fly labs/desktop/imt tools/interfacing/imt_sdk_win_64/winavr/bin/../lib/gcc/avr/4.3.3/avr5\libgcc.a(_fpcmp_parts_sf.o)
                0x00000a94                __fpcmp_parts_f
                0x00000b46                . = ALIGN (0x2)
 *(.text.*)
 .text.ADC_voidInit
                0x00000b46       0xc4 ./ADC_Driver_prog.o
                0x00000b46                ADC_voidInit
 .text.ADC_u16GetValue
                0x00000c0a       0xaa ./ADC_Driver_prog.o
                0x00000c0a                ADC_u16GetValue
 .text.ADC_voidSelectChannel
                0x00000cb4       0x32 ./ADC_Driver_prog.o
                0x00000cb4                ADC_voidSelectChannel
 .text.ADC_voidStartConversion
                0x00000ce6       0x36 ./ADC_Driver_prog.o
                0x00000ce6                ADC_voidStartConversion
 .text.__vector_16
                0x00000d1c       0x76 ./ADC_Driver_prog.o
                0x00000d1c                __vector_16
 .text.ADC_u16GetCurrentValue
                0x00000d92       0x16 ./ADC_Driver_prog.o
                0x00000d92                ADC_u16GetCurrentValue
 .text.DIO_voidSetPinDir
                0x00000da8      0x1c6 ./DIO_prog.o
                0x00000da8                DIO_voidSetPinDir
 .text.DIO_voidSetPinValue
                0x00000f6e      0x1c6 ./DIO_prog.o
                0x00000f6e                DIO_voidSetPinValue
 .text.DIO_voidTogglePinValue
                0x00001134       0xfa ./DIO_prog.o
                0x00001134                DIO_voidTogglePinValue
 .text.DIO_u8GetPinValue
                0x0000122e      0x104 ./DIO_prog.o
                0x0000122e                DIO_u8GetPinValue
 .text.EX_Interrupt_voidInitINT0
                0x00001332       0x46 ./EX_Interrupt_prog.o
                0x00001332                EX_Interrupt_voidInitINT0
 .text.EX_Interrupt_voidSetINT0
                0x00001378       0x22 ./EX_Interrupt_prog.o
                0x00001378                EX_Interrupt_voidSetINT0
 .text.EX_Interrupt_voidInitINT1
                0x0000139a       0x46 ./EX_Interrupt_prog.o
                0x0000139a                EX_Interrupt_voidInitINT1
 .text.EX_Interrupt_voidSetINT1
                0x000013e0       0x22 ./EX_Interrupt_prog.o
                0x000013e0                EX_Interrupt_voidSetINT1
 .text.KEYPAD_voidInit
                0x00001402       0x86 ./KeyPad_prog.o
                0x00001402                KEYPAD_voidInit
 .text.KEYPAD_voidInitTemp
                0x00001488       0xba ./KeyPad_prog.o
                0x00001488                KEYPAD_voidInitTemp
 .text.KEYPAD_u8GetKey
                0x00001542      0x1ba ./KeyPad_prog.o
                0x00001542                KEYPAD_u8GetKey
 .text.LCD_voidInit
                0x000016fc      0x352 ./LCD_prog.o
                0x000016fc                LCD_voidInit
 .text.LCD_voidWriteCharacter
                0x00001a4e      0x1d6 ./LCD_prog.o
                0x00001a4e                LCD_voidWriteCharacter
 .text.LCD_voidSendCommand
                0x00001c24      0x1d6 ./LCD_prog.o
                0x00001c24                LCD_voidSendCommand
 .text.LCD_voidWriteString
                0x00001dfa       0x38 ./LCD_prog.o
                0x00001dfa                LCD_voidWriteString
 .text.LCD_voidSetCursor
                0x00001e32      0x29e ./LCD_prog.o
                0x00001e32                LCD_voidSetCursor
 .text.LCD_voidWrite
                0x000020d0      0x162 ./LCD_prog.o
                0x000020d0                LCD_voidWrite
 .text.LCD_voidwriteNumber
                0x00002232      0x332 ./LCD_prog.o
                0x00002232                LCD_voidwriteNumber
 .text.Timer_voidInit
                0x00002564       0x90 ./Timer_Driver_prog.o
                0x00002564                Timer_voidInit
 .text.Timer_u32_OVF_Counter
                0x000025f4       0x3a ./Timer_Driver_prog.o
                0x000025f4                Timer_u32_OVF_Counter
 .text.main     0x0000262e      0x464 ./main.o
                0x0000262e                main
 .text.__vector_1
                0x00002a92      0x10a ./main.o
                0x00002a92                __vector_1
 .text.__vector_2
                0x00002b9c      0x10e ./main.o
                0x00002b9c                __vector_2
 .text.libgcc   0x00002caa       0x26 c:/users/fly labs/desktop/imt tools/interfacing/imt_sdk_win_64/winavr/bin/../lib/gcc/avr/4.3.3/avr5\libgcc.a(_divmodhi4.o)
                0x00002caa                __divmodhi4
                0x00002caa                _div
 .text.libgcc   0x00002cd0       0x44 c:/users/fly labs/desktop/imt tools/interfacing/imt_sdk_win_64/winavr/bin/../lib/gcc/avr/4.3.3/avr5\libgcc.a(_udivmodsi4.o)
                0x00002cd0                __udivmodsi4
 .text.libgcc   0x00002d14        0x0 c:/users/fly labs/desktop/imt tools/interfacing/imt_sdk_win_64/winavr/bin/../lib/gcc/avr/4.3.3/avr5\libgcc.a(_exit.o)
 .text.libgcc   0x00002d14        0x0 c:/users/fly labs/desktop/imt tools/interfacing/imt_sdk_win_64/winavr/bin/../lib/gcc/avr/4.3.3/avr5\libgcc.a(_copy_data.o)
 .text.libgcc   0x00002d14        0x0 c:/users/fly labs/desktop/imt tools/interfacing/imt_sdk_win_64/winavr/bin/../lib/gcc/avr/4.3.3/avr5\libgcc.a(_clear_bss.o)
 .text.libgcc   0x00002d14       0x28 c:/users/fly labs/desktop/imt tools/interfacing/imt_sdk_win_64/winavr/bin/../lib/gcc/avr/4.3.3/avr5\libgcc.a(_udivmodhi4.o)
                0x00002d14                __udivmodhi4
 .text.libgcc   0x00002d3c       0x38 c:/users/fly labs/desktop/imt tools/interfacing/imt_sdk_win_64/winavr/bin/../lib/gcc/avr/4.3.3/avr5\libgcc.a(_prologue.o)
                0x00002d3c                __prologue_saves__
 .text.libgcc   0x00002d74       0x36 c:/users/fly labs/desktop/imt tools/interfacing/imt_sdk_win_64/winavr/bin/../lib/gcc/avr/4.3.3/avr5\libgcc.a(_epilogue.o)
                0x00002d74                __epilogue_restores__
                0x00002daa                . = ALIGN (0x2)
 *(.fini9)
 .fini9         0x00002daa        0x0 c:/users/fly labs/desktop/imt tools/interfacing/imt_sdk_win_64/winavr/bin/../lib/gcc/avr/4.3.3/avr5\libgcc.a(_exit.o)
                0x00002daa                exit
                0x00002daa                _exit
 *(.fini9)
 *(.fini8)
 *(.fini8)
 *(.fini7)
 *(.fini7)
 *(.fini6)
 *(.fini6)
 *(.fini5)
 *(.fini5)
 *(.fini4)
 *(.fini4)
 *(.fini3)
 *(.fini3)
 *(.fini2)
 *(.fini2)
 *(.fini1)
 *(.fini1)
 *(.fini0)
 .fini0         0x00002daa        0x4 c:/users/fly labs/desktop/imt tools/interfacing/imt_sdk_win_64/winavr/bin/../lib/gcc/avr/4.3.3/avr5\libgcc.a(_exit.o)
 *(.fini0)
                0x00002dae                _etext = .

.data           0x00800060       0x5c load address 0x00002dae
                0x00800060                PROVIDE (__data_start, .)
 *(.data)
 .data          0x00800060        0x0 c:/users/fly labs/desktop/imt tools/interfacing/imt_sdk_win_64/winavr/bin/../lib/gcc/avr/4.3.3/../../../../avr/lib/avr5/crtm32.o
 .data          0x00800060        0x0 ./ADC_Driver_prog.o
 .data          0x00800060        0x0 ./DIO_prog.o
 .data          0x00800060        0x0 ./EX_Interrupt_prog.o
 .data          0x00800060        0x0 ./KeyPad_prog.o
 .data          0x00800060        0x0 ./LCD_prog.o
 .data          0x00800060        0x0 ./Timer_Driver_prog.o
 .data          0x00800060       0x54 ./main.o
 .data          0x008000b4        0x0 c:/users/fly labs/desktop/imt tools/interfacing/imt_sdk_win_64/winavr/bin/../lib/gcc/avr/4.3.3/avr5\libgcc.a(_divmodhi4.o)
 .data          0x008000b4        0x0 c:/users/fly labs/desktop/imt tools/interfacing/imt_sdk_win_64/winavr/bin/../lib/gcc/avr/4.3.3/avr5\libgcc.a(_udivmodsi4.o)
 .data          0x008000b4        0x0 c:/users/fly labs/desktop/imt tools/interfacing/imt_sdk_win_64/winavr/bin/../lib/gcc/avr/4.3.3/avr5\libgcc.a(_exit.o)
 .data          0x008000b4        0x0 c:/users/fly labs/desktop/imt tools/interfacing/imt_sdk_win_64/winavr/bin/../lib/gcc/avr/4.3.3/avr5\libgcc.a(_copy_data.o)
 .data          0x008000b4        0x0 c:/users/fly labs/desktop/imt tools/interfacing/imt_sdk_win_64/winavr/bin/../lib/gcc/avr/4.3.3/avr5\libgcc.a(_clear_bss.o)
 .data          0x008000b4        0x0 c:/users/fly labs/desktop/imt tools/interfacing/imt_sdk_win_64/winavr/bin/../lib/gcc/avr/4.3.3/avr5\libgcc.a(_fixunssfsi.o)
 .data          0x008000b4        0x0 c:/users/fly labs/desktop/imt tools/interfacing/imt_sdk_win_64/winavr/bin/../lib/gcc/avr/4.3.3/avr5\libgcc.a(_addsub_sf.o)
 .data          0x008000b4        0x0 c:/users/fly labs/desktop/imt tools/interfacing/imt_sdk_win_64/winavr/bin/../lib/gcc/avr/4.3.3/avr5\libgcc.a(_mul_sf.o)
 .data          0x008000b4        0x0 c:/users/fly labs/desktop/imt tools/interfacing/imt_sdk_win_64/winavr/bin/../lib/gcc/avr/4.3.3/avr5\libgcc.a(_gt_sf.o)
 .data          0x008000b4        0x0 c:/users/fly labs/desktop/imt tools/interfacing/imt_sdk_win_64/winavr/bin/../lib/gcc/avr/4.3.3/avr5\libgcc.a(_ge_sf.o)
 .data          0x008000b4        0x0 c:/users/fly labs/desktop/imt tools/interfacing/imt_sdk_win_64/winavr/bin/../lib/gcc/avr/4.3.3/avr5\libgcc.a(_lt_sf.o)
 .data          0x008000b4        0x0 c:/users/fly labs/desktop/imt tools/interfacing/imt_sdk_win_64/winavr/bin/../lib/gcc/avr/4.3.3/avr5\libgcc.a(_sf_to_si.o)
 .data          0x008000b4        0x8 c:/users/fly labs/desktop/imt tools/interfacing/imt_sdk_win_64/winavr/bin/../lib/gcc/avr/4.3.3/avr5\libgcc.a(_thenan_sf.o)
                0x008000b4                __thenan_sf
 .data          0x008000bc        0x0 c:/users/fly labs/desktop/imt tools/interfacing/imt_sdk_win_64/winavr/bin/../lib/gcc/avr/4.3.3/avr5\libgcc.a(_udivmodhi4.o)
 .data          0x008000bc        0x0 c:/users/fly labs/desktop/imt tools/interfacing/imt_sdk_win_64/winavr/bin/../lib/gcc/avr/4.3.3/avr5\libgcc.a(_prologue.o)
 .data          0x008000bc        0x0 c:/users/fly labs/desktop/imt tools/interfacing/imt_sdk_win_64/winavr/bin/../lib/gcc/avr/4.3.3/avr5\libgcc.a(_epilogue.o)
 .data          0x008000bc        0x0 c:/users/fly labs/desktop/imt tools/interfacing/imt_sdk_win_64/winavr/bin/../lib/gcc/avr/4.3.3/avr5\libgcc.a(_pack_sf.o)
 .data          0x008000bc        0x0 c:/users/fly labs/desktop/imt tools/interfacing/imt_sdk_win_64/winavr/bin/../lib/gcc/avr/4.3.3/avr5\libgcc.a(_unpack_sf.o)
 .data          0x008000bc        0x0 c:/users/fly labs/desktop/imt tools/interfacing/imt_sdk_win_64/winavr/bin/../lib/gcc/avr/4.3.3/avr5\libgcc.a(_fpcmp_parts_sf.o)
 *(.data*)
 *(.rodata)
 *(.rodata*)
 *(.gnu.linkonce.d*)
                0x008000bc                . = ALIGN (0x2)
                0x008000bc                _edata = .
                0x008000bc                PROVIDE (__data_end, .)

.bss            0x008000bc        0xd
                0x008000bc                PROVIDE (__bss_start, .)
 *(.bss)
 .bss           0x008000bc        0x0 c:/users/fly labs/desktop/imt tools/interfacing/imt_sdk_win_64/winavr/bin/../lib/gcc/avr/4.3.3/../../../../avr/lib/avr5/crtm32.o
 .bss           0x008000bc        0x0 ./ADC_Driver_prog.o
 .bss           0x008000bc        0x0 ./DIO_prog.o
 .bss           0x008000bc        0x0 ./EX_Interrupt_prog.o
 .bss           0x008000bc        0x0 ./KeyPad_prog.o
 .bss           0x008000bc        0x0 ./LCD_prog.o
 .bss           0x008000bc        0x0 ./Timer_Driver_prog.o
 .bss           0x008000bc        0x0 ./main.o
 .bss           0x008000bc        0x0 c:/users/fly labs/desktop/imt tools/interfacing/imt_sdk_win_64/winavr/bin/../lib/gcc/avr/4.3.3/avr5\libgcc.a(_divmodhi4.o)
 .bss           0x008000bc        0x0 c:/users/fly labs/desktop/imt tools/interfacing/imt_sdk_win_64/winavr/bin/../lib/gcc/avr/4.3.3/avr5\libgcc.a(_udivmodsi4.o)
 .bss           0x008000bc        0x0 c:/users/fly labs/desktop/imt tools/interfacing/imt_sdk_win_64/winavr/bin/../lib/gcc/avr/4.3.3/avr5\libgcc.a(_exit.o)
 .bss           0x008000bc        0x0 c:/users/fly labs/desktop/imt tools/interfacing/imt_sdk_win_64/winavr/bin/../lib/gcc/avr/4.3.3/avr5\libgcc.a(_copy_data.o)
 .bss           0x008000bc        0x0 c:/users/fly labs/desktop/imt tools/interfacing/imt_sdk_win_64/winavr/bin/../lib/gcc/avr/4.3.3/avr5\libgcc.a(_clear_bss.o)
 .bss           0x008000bc        0x0 c:/users/fly labs/desktop/imt tools/interfacing/imt_sdk_win_64/winavr/bin/../lib/gcc/avr/4.3.3/avr5\libgcc.a(_fixunssfsi.o)
 .bss           0x008000bc        0x0 c:/users/fly labs/desktop/imt tools/interfacing/imt_sdk_win_64/winavr/bin/../lib/gcc/avr/4.3.3/avr5\libgcc.a(_addsub_sf.o)
 .bss           0x008000bc        0x0 c:/users/fly labs/desktop/imt tools/interfacing/imt_sdk_win_64/winavr/bin/../lib/gcc/avr/4.3.3/avr5\libgcc.a(_mul_sf.o)
 .bss           0x008000bc        0x0 c:/users/fly labs/desktop/imt tools/interfacing/imt_sdk_win_64/winavr/bin/../lib/gcc/avr/4.3.3/avr5\libgcc.a(_gt_sf.o)
 .bss           0x008000bc        0x0 c:/users/fly labs/desktop/imt tools/interfacing/imt_sdk_win_64/winavr/bin/../lib/gcc/avr/4.3.3/avr5\libgcc.a(_ge_sf.o)
 .bss           0x008000bc        0x0 c:/users/fly labs/desktop/imt tools/interfacing/imt_sdk_win_64/winavr/bin/../lib/gcc/avr/4.3.3/avr5\libgcc.a(_lt_sf.o)
 .bss           0x008000bc        0x0 c:/users/fly labs/desktop/imt tools/interfacing/imt_sdk_win_64/winavr/bin/../lib/gcc/avr/4.3.3/avr5\libgcc.a(_sf_to_si.o)
 .bss           0x008000bc        0x0 c:/users/fly labs/desktop/imt tools/interfacing/imt_sdk_win_64/winavr/bin/../lib/gcc/avr/4.3.3/avr5\libgcc.a(_thenan_sf.o)
 .bss           0x008000bc        0x0 c:/users/fly labs/desktop/imt tools/interfacing/imt_sdk_win_64/winavr/bin/../lib/gcc/avr/4.3.3/avr5\libgcc.a(_udivmodhi4.o)
 .bss           0x008000bc        0x0 c:/users/fly labs/desktop/imt tools/interfacing/imt_sdk_win_64/winavr/bin/../lib/gcc/avr/4.3.3/avr5\libgcc.a(_prologue.o)
 .bss           0x008000bc        0x0 c:/users/fly labs/desktop/imt tools/interfacing/imt_sdk_win_64/winavr/bin/../lib/gcc/avr/4.3.3/avr5\libgcc.a(_epilogue.o)
 .bss           0x008000bc        0x0 c:/users/fly labs/desktop/imt tools/interfacing/imt_sdk_win_64/winavr/bin/../lib/gcc/avr/4.3.3/avr5\libgcc.a(_pack_sf.o)
 .bss           0x008000bc        0x0 c:/users/fly labs/desktop/imt tools/interfacing/imt_sdk_win_64/winavr/bin/../lib/gcc/avr/4.3.3/avr5\libgcc.a(_unpack_sf.o)
 .bss           0x008000bc        0x0 c:/users/fly labs/desktop/imt tools/interfacing/imt_sdk_win_64/winavr/bin/../lib/gcc/avr/4.3.3/avr5\libgcc.a(_fpcmp_parts_sf.o)
 *(.bss*)
 .bss.ADC_Value
                0x008000bc        0x2 ./ADC_Driver_prog.o
 .bss.OVF_counter
                0x008000be        0x4 ./Timer_Driver_prog.o
 .bss.OVF_Value
                0x008000c2        0x4 ./Timer_Driver_prog.o
 *(COMMON)
 COMMON         0x008000c6        0x3 ./main.o
                0x008000c6                up
                0x008000c7                flag
                0x008000c8                down
                0x008000c9                PROVIDE (__bss_end, .)
                0x00002dae                __data_load_start = LOADADDR (.data)
                0x00002e0a                __data_load_end = (__data_load_start + SIZEOF (.data))

.noinit         0x008000c9        0x0
                0x008000c9                PROVIDE (__noinit_start, .)
 *(.noinit*)
                0x008000c9                PROVIDE (__noinit_end, .)
                0x008000c9                _end = .
                0x008000c9                PROVIDE (__heap_start, .)

.eeprom         0x00810000        0x0
 *(.eeprom*)
                0x00810000                __eeprom_end = .

.fuse
 *(.fuse)
 *(.lfuse)
 *(.hfuse)
 *(.efuse)

.lock
 *(.lock*)

.signature
 *(.signature*)

.stab           0x00000000     0x27cc
 *(.stab)
 .stab          0x00000000      0x5ac ./ADC_Driver_prog.o
 .stab          0x000005ac      0x444 ./DIO_prog.o
                                0x600 (size before relaxing)
 .stab          0x000009f0      0x240 ./EX_Interrupt_prog.o
                                0x468 (size before relaxing)
 .stab          0x00000c30      0x3fc ./KeyPad_prog.o
                                0x474 (size before relaxing)
 .stab          0x0000102c      0xe10 ./LCD_prog.o
                               0x1008 (size before relaxing)
 .stab          0x00001e3c      0x210 ./Timer_Driver_prog.o
                                0x438 (size before relaxing)
 .stab          0x0000204c      0x780 ./main.o
                                0x9a8 (size before relaxing)

.stabstr        0x00000000      0xe97
 *(.stabstr)
 .stabstr       0x00000000      0xe97 ./ADC_Driver_prog.o

.stab.excl
 *(.stab.excl)

.stab.exclstr
 *(.stab.exclstr)

.stab.index
 *(.stab.index)

.stab.indexstr
 *(.stab.indexstr)

.comment
 *(.comment)

.debug
 *(.debug)

.line
 *(.line)

.debug_srcinfo
 *(.debug_srcinfo)

.debug_sfnames
 *(.debug_sfnames)

.debug_aranges  0x00000000      0x140
 *(.debug_aranges)
 .debug_aranges
                0x00000000       0x20 c:/users/fly labs/desktop/imt tools/interfacing/imt_sdk_win_64/winavr/bin/../lib/gcc/avr/4.3.3/avr5\libgcc.a(_fixunssfsi.o)
 .debug_aranges
                0x00000020       0x20 c:/users/fly labs/desktop/imt tools/interfacing/imt_sdk_win_64/winavr/bin/../lib/gcc/avr/4.3.3/avr5\libgcc.a(_addsub_sf.o)
 .debug_aranges
                0x00000040       0x20 c:/users/fly labs/desktop/imt tools/interfacing/imt_sdk_win_64/winavr/bin/../lib/gcc/avr/4.3.3/avr5\libgcc.a(_mul_sf.o)
 .debug_aranges
                0x00000060       0x20 c:/users/fly labs/desktop/imt tools/interfacing/imt_sdk_win_64/winavr/bin/../lib/gcc/avr/4.3.3/avr5\libgcc.a(_gt_sf.o)
 .debug_aranges
                0x00000080       0x20 c:/users/fly labs/desktop/imt tools/interfacing/imt_sdk_win_64/winavr/bin/../lib/gcc/avr/4.3.3/avr5\libgcc.a(_ge_sf.o)
 .debug_aranges
                0x000000a0       0x20 c:/users/fly labs/desktop/imt tools/interfacing/imt_sdk_win_64/winavr/bin/../lib/gcc/avr/4.3.3/avr5\libgcc.a(_lt_sf.o)
 .debug_aranges
                0x000000c0       0x20 c:/users/fly labs/desktop/imt tools/interfacing/imt_sdk_win_64/winavr/bin/../lib/gcc/avr/4.3.3/avr5\libgcc.a(_sf_to_si.o)
 .debug_aranges
                0x000000e0       0x20 c:/users/fly labs/desktop/imt tools/interfacing/imt_sdk_win_64/winavr/bin/../lib/gcc/avr/4.3.3/avr5\libgcc.a(_pack_sf.o)
 .debug_aranges
                0x00000100       0x20 c:/users/fly labs/desktop/imt tools/interfacing/imt_sdk_win_64/winavr/bin/../lib/gcc/avr/4.3.3/avr5\libgcc.a(_unpack_sf.o)
 .debug_aranges
                0x00000120       0x20 c:/users/fly labs/desktop/imt tools/interfacing/imt_sdk_win_64/winavr/bin/../lib/gcc/avr/4.3.3/avr5\libgcc.a(_fpcmp_parts_sf.o)

.debug_pubnames
                0x00000000      0x170
 *(.debug_pubnames)
 .debug_pubnames
                0x00000000       0x23 c:/users/fly labs/desktop/imt tools/interfacing/imt_sdk_win_64/winavr/bin/../lib/gcc/avr/4.3.3/avr5\libgcc.a(_fixunssfsi.o)
 .debug_pubnames
                0x00000023       0x2c c:/users/fly labs/desktop/imt tools/interfacing/imt_sdk_win_64/winavr/bin/../lib/gcc/avr/4.3.3/avr5\libgcc.a(_addsub_sf.o)
 .debug_pubnames
                0x0000004f       0x1f c:/users/fly labs/desktop/imt tools/interfacing/imt_sdk_win_64/winavr/bin/../lib/gcc/avr/4.3.3/avr5\libgcc.a(_mul_sf.o)
 .debug_pubnames
                0x0000006e       0x1e c:/users/fly labs/desktop/imt tools/interfacing/imt_sdk_win_64/winavr/bin/../lib/gcc/avr/4.3.3/avr5\libgcc.a(_gt_sf.o)
 .debug_pubnames
                0x0000008c       0x1e c:/users/fly labs/desktop/imt tools/interfacing/imt_sdk_win_64/winavr/bin/../lib/gcc/avr/4.3.3/avr5\libgcc.a(_ge_sf.o)
 .debug_pubnames
                0x000000aa       0x1e c:/users/fly labs/desktop/imt tools/interfacing/imt_sdk_win_64/winavr/bin/../lib/gcc/avr/4.3.3/avr5\libgcc.a(_lt_sf.o)
 .debug_pubnames
                0x000000c8       0x20 c:/users/fly labs/desktop/imt tools/interfacing/imt_sdk_win_64/winavr/bin/../lib/gcc/avr/4.3.3/avr5\libgcc.a(_sf_to_si.o)
 .debug_pubnames
                0x000000e8       0x22 c:/users/fly labs/desktop/imt tools/interfacing/imt_sdk_win_64/winavr/bin/../lib/gcc/avr/4.3.3/avr5\libgcc.a(_thenan_sf.o)
 .debug_pubnames
                0x0000010a       0x1f c:/users/fly labs/desktop/imt tools/interfacing/imt_sdk_win_64/winavr/bin/../lib/gcc/avr/4.3.3/avr5\libgcc.a(_pack_sf.o)
 .debug_pubnames
                0x00000129       0x21 c:/users/fly labs/desktop/imt tools/interfacing/imt_sdk_win_64/winavr/bin/../lib/gcc/avr/4.3.3/avr5\libgcc.a(_unpack_sf.o)
 .debug_pubnames
                0x0000014a       0x26 c:/users/fly labs/desktop/imt tools/interfacing/imt_sdk_win_64/winavr/bin/../lib/gcc/avr/4.3.3/avr5\libgcc.a(_fpcmp_parts_sf.o)

.debug_info     0x00000000     0x1c49
 *(.debug_info)
 .debug_info    0x00000000       0xb1 c:/users/fly labs/desktop/imt tools/interfacing/imt_sdk_win_64/winavr/bin/../lib/gcc/avr/4.3.3/avr5\libgcc.a(_fixunssfsi.o)
 .debug_info    0x000000b1      0x47a c:/users/fly labs/desktop/imt tools/interfacing/imt_sdk_win_64/winavr/bin/../lib/gcc/avr/4.3.3/avr5\libgcc.a(_addsub_sf.o)
 .debug_info    0x0000052b      0x485 c:/users/fly labs/desktop/imt tools/interfacing/imt_sdk_win_64/winavr/bin/../lib/gcc/avr/4.3.3/avr5\libgcc.a(_mul_sf.o)
 .debug_info    0x000009b0      0x27f c:/users/fly labs/desktop/imt tools/interfacing/imt_sdk_win_64/winavr/bin/../lib/gcc/avr/4.3.3/avr5\libgcc.a(_gt_sf.o)
 .debug_info    0x00000c2f      0x27f c:/users/fly labs/desktop/imt tools/interfacing/imt_sdk_win_64/winavr/bin/../lib/gcc/avr/4.3.3/avr5\libgcc.a(_ge_sf.o)
 .debug_info    0x00000eae      0x27f c:/users/fly labs/desktop/imt tools/interfacing/imt_sdk_win_64/winavr/bin/../lib/gcc/avr/4.3.3/avr5\libgcc.a(_lt_sf.o)
 .debug_info    0x0000112d      0x2b0 c:/users/fly labs/desktop/imt tools/interfacing/imt_sdk_win_64/winavr/bin/../lib/gcc/avr/4.3.3/avr5\libgcc.a(_sf_to_si.o)
 .debug_info    0x000013dd      0x12c c:/users/fly labs/desktop/imt tools/interfacing/imt_sdk_win_64/winavr/bin/../lib/gcc/avr/4.3.3/avr5\libgcc.a(_thenan_sf.o)
 .debug_info    0x00001509      0x2df c:/users/fly labs/desktop/imt tools/interfacing/imt_sdk_win_64/winavr/bin/../lib/gcc/avr/4.3.3/avr5\libgcc.a(_pack_sf.o)
 .debug_info    0x000017e8      0x251 c:/users/fly labs/desktop/imt tools/interfacing/imt_sdk_win_64/winavr/bin/../lib/gcc/avr/4.3.3/avr5\libgcc.a(_unpack_sf.o)
 .debug_info    0x00001a39      0x210 c:/users/fly labs/desktop/imt tools/interfacing/imt_sdk_win_64/winavr/bin/../lib/gcc/avr/4.3.3/avr5\libgcc.a(_fpcmp_parts_sf.o)
 *(.gnu.linkonce.wi.*)

.debug_abbrev   0x00000000      0xeeb
 *(.debug_abbrev)
 .debug_abbrev  0x00000000       0x5d c:/users/fly labs/desktop/imt tools/interfacing/imt_sdk_win_64/winavr/bin/../lib/gcc/avr/4.3.3/avr5\libgcc.a(_fixunssfsi.o)
 .debug_abbrev  0x0000005d      0x1ea c:/users/fly labs/desktop/imt tools/interfacing/imt_sdk_win_64/winavr/bin/../lib/gcc/avr/4.3.3/avr5\libgcc.a(_addsub_sf.o)
 .debug_abbrev  0x00000247      0x21b c:/users/fly labs/desktop/imt tools/interfacing/imt_sdk_win_64/winavr/bin/../lib/gcc/avr/4.3.3/avr5\libgcc.a(_mul_sf.o)
 .debug_abbrev  0x00000462      0x15a c:/users/fly labs/desktop/imt tools/interfacing/imt_sdk_win_64/winavr/bin/../lib/gcc/avr/4.3.3/avr5\libgcc.a(_gt_sf.o)
 .debug_abbrev  0x000005bc      0x15a c:/users/fly labs/desktop/imt tools/interfacing/imt_sdk_win_64/winavr/bin/../lib/gcc/avr/4.3.3/avr5\libgcc.a(_ge_sf.o)
 .debug_abbrev  0x00000716      0x15a c:/users/fly labs/desktop/imt tools/interfacing/imt_sdk_win_64/winavr/bin/../lib/gcc/avr/4.3.3/avr5\libgcc.a(_lt_sf.o)
 .debug_abbrev  0x00000870      0x17f c:/users/fly labs/desktop/imt tools/interfacing/imt_sdk_win_64/winavr/bin/../lib/gcc/avr/4.3.3/avr5\libgcc.a(_sf_to_si.o)
 .debug_abbrev  0x000009ef       0xad c:/users/fly labs/desktop/imt tools/interfacing/imt_sdk_win_64/winavr/bin/../lib/gcc/avr/4.3.3/avr5\libgcc.a(_thenan_sf.o)
 .debug_abbrev  0x00000a9c      0x1c0 c:/users/fly labs/desktop/imt tools/interfacing/imt_sdk_win_64/winavr/bin/../lib/gcc/avr/4.3.3/avr5\libgcc.a(_pack_sf.o)
 .debug_abbrev  0x00000c5c      0x154 c:/users/fly labs/desktop/imt tools/interfacing/imt_sdk_win_64/winavr/bin/../lib/gcc/avr/4.3.3/avr5\libgcc.a(_unpack_sf.o)
 .debug_abbrev  0x00000db0      0x13b c:/users/fly labs/desktop/imt tools/interfacing/imt_sdk_win_64/winavr/bin/../lib/gcc/avr/4.3.3/avr5\libgcc.a(_fpcmp_parts_sf.o)

.debug_line     0x00000000      0xdad
 *(.debug_line)
 .debug_line    0x00000000       0xa7 c:/users/fly labs/desktop/imt tools/interfacing/imt_sdk_win_64/winavr/bin/../lib/gcc/avr/4.3.3/avr5\libgcc.a(_fixunssfsi.o)
 .debug_line    0x000000a7      0x2af c:/users/fly labs/desktop/imt tools/interfacing/imt_sdk_win_64/winavr/bin/../lib/gcc/avr/4.3.3/avr5\libgcc.a(_addsub_sf.o)
 .debug_line    0x00000356      0x239 c:/users/fly labs/desktop/imt tools/interfacing/imt_sdk_win_64/winavr/bin/../lib/gcc/avr/4.3.3/avr5\libgcc.a(_mul_sf.o)
 .debug_line    0x0000058f       0xd3 c:/users/fly labs/desktop/imt tools/interfacing/imt_sdk_win_64/winavr/bin/../lib/gcc/avr/4.3.3/avr5\libgcc.a(_gt_sf.o)
 .debug_line    0x00000662       0xd3 c:/users/fly labs/desktop/imt tools/interfacing/imt_sdk_win_64/winavr/bin/../lib/gcc/avr/4.3.3/avr5\libgcc.a(_ge_sf.o)
 .debug_line    0x00000735       0xd3 c:/users/fly labs/desktop/imt tools/interfacing/imt_sdk_win_64/winavr/bin/../lib/gcc/avr/4.3.3/avr5\libgcc.a(_lt_sf.o)
 .debug_line    0x00000808      0x109 c:/users/fly labs/desktop/imt tools/interfacing/imt_sdk_win_64/winavr/bin/../lib/gcc/avr/4.3.3/avr5\libgcc.a(_sf_to_si.o)
 .debug_line    0x00000911       0x90 c:/users/fly labs/desktop/imt tools/interfacing/imt_sdk_win_64/winavr/bin/../lib/gcc/avr/4.3.3/avr5\libgcc.a(_thenan_sf.o)
 .debug_line    0x000009a1      0x18a c:/users/fly labs/desktop/imt tools/interfacing/imt_sdk_win_64/winavr/bin/../lib/gcc/avr/4.3.3/avr5\libgcc.a(_pack_sf.o)
 .debug_line    0x00000b2b      0x14b c:/users/fly labs/desktop/imt tools/interfacing/imt_sdk_win_64/winavr/bin/../lib/gcc/avr/4.3.3/avr5\libgcc.a(_unpack_sf.o)
 .debug_line    0x00000c76      0x137 c:/users/fly labs/desktop/imt tools/interfacing/imt_sdk_win_64/winavr/bin/../lib/gcc/avr/4.3.3/avr5\libgcc.a(_fpcmp_parts_sf.o)

.debug_frame    0x00000000      0x160
 *(.debug_frame)
 .debug_frame   0x00000000       0x20 c:/users/fly labs/desktop/imt tools/interfacing/imt_sdk_win_64/winavr/bin/../lib/gcc/avr/4.3.3/avr5\libgcc.a(_fixunssfsi.o)
 .debug_frame   0x00000020       0x40 c:/users/fly labs/desktop/imt tools/interfacing/imt_sdk_win_64/winavr/bin/../lib/gcc/avr/4.3.3/avr5\libgcc.a(_addsub_sf.o)
 .debug_frame   0x00000060       0x20 c:/users/fly labs/desktop/imt tools/interfacing/imt_sdk_win_64/winavr/bin/../lib/gcc/avr/4.3.3/avr5\libgcc.a(_mul_sf.o)
 .debug_frame   0x00000080       0x20 c:/users/fly labs/desktop/imt tools/interfacing/imt_sdk_win_64/winavr/bin/../lib/gcc/avr/4.3.3/avr5\libgcc.a(_gt_sf.o)
 .debug_frame   0x000000a0       0x20 c:/users/fly labs/desktop/imt tools/interfacing/imt_sdk_win_64/winavr/bin/../lib/gcc/avr/4.3.3/avr5\libgcc.a(_ge_sf.o)
 .debug_frame   0x000000c0       0x20 c:/users/fly labs/desktop/imt tools/interfacing/imt_sdk_win_64/winavr/bin/../lib/gcc/avr/4.3.3/avr5\libgcc.a(_lt_sf.o)
 .debug_frame   0x000000e0       0x20 c:/users/fly labs/desktop/imt tools/interfacing/imt_sdk_win_64/winavr/bin/../lib/gcc/avr/4.3.3/avr5\libgcc.a(_sf_to_si.o)
 .debug_frame   0x00000100       0x20 c:/users/fly labs/desktop/imt tools/interfacing/imt_sdk_win_64/winavr/bin/../lib/gcc/avr/4.3.3/avr5\libgcc.a(_pack_sf.o)
 .debug_frame   0x00000120       0x20 c:/users/fly labs/desktop/imt tools/interfacing/imt_sdk_win_64/winavr/bin/../lib/gcc/avr/4.3.3/avr5\libgcc.a(_unpack_sf.o)
 .debug_frame   0x00000140       0x20 c:/users/fly labs/desktop/imt tools/interfacing/imt_sdk_win_64/winavr/bin/../lib/gcc/avr/4.3.3/avr5\libgcc.a(_fpcmp_parts_sf.o)

.debug_str      0x00000000      0x28d
 *(.debug_str)
 .debug_str     0x00000000       0xbf c:/users/fly labs/desktop/imt tools/interfacing/imt_sdk_win_64/winavr/bin/../lib/gcc/avr/4.3.3/avr5\libgcc.a(_fixunssfsi.o)
                                 0xfe (size before relaxing)
 .debug_str     0x000000bf      0x14d c:/users/fly labs/desktop/imt tools/interfacing/imt_sdk_win_64/winavr/bin/../lib/gcc/avr/4.3.3/avr5\libgcc.a(_addsub_sf.o)
                                0x206 (size before relaxing)
 .debug_str     0x0000020c       0x27 c:/users/fly labs/desktop/imt tools/interfacing/imt_sdk_win_64/winavr/bin/../lib/gcc/avr/4.3.3/avr5\libgcc.a(_mul_sf.o)
                                0x1bf (size before relaxing)
 .debug_str     0x00000233        0xf c:/users/fly labs/desktop/imt tools/interfacing/imt_sdk_win_64/winavr/bin/../lib/gcc/avr/4.3.3/avr5\libgcc.a(_gt_sf.o)
                                0x195 (size before relaxing)
 .debug_str     0x00000242        0x8 c:/users/fly labs/desktop/imt tools/interfacing/imt_sdk_win_64/winavr/bin/../lib/gcc/avr/4.3.3/avr5\libgcc.a(_ge_sf.o)
                                0x195 (size before relaxing)
 .debug_str     0x0000024a        0x8 c:/users/fly labs/desktop/imt tools/interfacing/imt_sdk_win_64/winavr/bin/../lib/gcc/avr/4.3.3/avr5\libgcc.a(_lt_sf.o)
                                0x195 (size before relaxing)
 .debug_str     0x00000252        0xa c:/users/fly labs/desktop/imt tools/interfacing/imt_sdk_win_64/winavr/bin/../lib/gcc/avr/4.3.3/avr5\libgcc.a(_sf_to_si.o)
                                0x19e (size before relaxing)
 .debug_str     0x00000000      0x103 c:/users/fly labs/desktop/imt tools/interfacing/imt_sdk_win_64/winavr/bin/../lib/gcc/avr/4.3.3/avr5\libgcc.a(_thenan_sf.o)
 .debug_str     0x0000025c       0x16 c:/users/fly labs/desktop/imt tools/interfacing/imt_sdk_win_64/winavr/bin/../lib/gcc/avr/4.3.3/avr5\libgcc.a(_pack_sf.o)
                                0x19d (size before relaxing)
 .debug_str     0x00000272        0xb c:/users/fly labs/desktop/imt tools/interfacing/imt_sdk_win_64/winavr/bin/../lib/gcc/avr/4.3.3/avr5\libgcc.a(_unpack_sf.o)
                                0x17f (size before relaxing)
 .debug_str     0x0000027d       0x10 c:/users/fly labs/desktop/imt tools/interfacing/imt_sdk_win_64/winavr/bin/../lib/gcc/avr/4.3.3/avr5\libgcc.a(_fpcmp_parts_sf.o)
                                0x163 (size before relaxing)

.debug_loc      0x00000000      0x7ce
 *(.debug_loc)
 .debug_loc     0x00000000       0x34 c:/users/fly labs/desktop/imt tools/interfacing/imt_sdk_win_64/winavr/bin/../lib/gcc/avr/4.3.3/avr5\libgcc.a(_fixunssfsi.o)
 .debug_loc     0x00000034      0x32a c:/users/fly labs/desktop/imt tools/interfacing/imt_sdk_win_64/winavr/bin/../lib/gcc/avr/4.3.3/avr5\libgcc.a(_addsub_sf.o)
 .debug_loc     0x0000035e      0x104 c:/users/fly labs/desktop/imt tools/interfacing/imt_sdk_win_64/winavr/bin/../lib/gcc/avr/4.3.3/avr5\libgcc.a(_mul_sf.o)
 .debug_loc     0x00000462       0x3c c:/users/fly labs/desktop/imt tools/interfacing/imt_sdk_win_64/winavr/bin/../lib/gcc/avr/4.3.3/avr5\libgcc.a(_gt_sf.o)
 .debug_loc     0x0000049e       0x3c c:/users/fly labs/desktop/imt tools/interfacing/imt_sdk_win_64/winavr/bin/../lib/gcc/avr/4.3.3/avr5\libgcc.a(_ge_sf.o)
 .debug_loc     0x000004da       0x3c c:/users/fly labs/desktop/imt tools/interfacing/imt_sdk_win_64/winavr/bin/../lib/gcc/avr/4.3.3/avr5\libgcc.a(_lt_sf.o)
 .debug_loc     0x00000516       0x7e c:/users/fly labs/desktop/imt tools/interfacing/imt_sdk_win_64/winavr/bin/../lib/gcc/avr/4.3.3/avr5\libgcc.a(_sf_to_si.o)
 .debug_loc     0x00000594      0x13e c:/users/fly labs/desktop/imt tools/interfacing/imt_sdk_win_64/winavr/bin/../lib/gcc/avr/4.3.3/avr5\libgcc.a(_pack_sf.o)
 .debug_loc     0x000006d2       0xac c:/users/fly labs/desktop/imt tools/interfacing/imt_sdk_win_64/winavr/bin/../lib/gcc/avr/4.3.3/avr5\libgcc.a(_unpack_sf.o)
 .debug_loc     0x0000077e       0x50 c:/users/fly labs/desktop/imt tools/interfacing/imt_sdk_win_64/winavr/bin/../lib/gcc/avr/4.3.3/avr5\libgcc.a(_fpcmp_parts_sf.o)

.debug_macinfo
 *(.debug_macinfo)
OUTPUT(INTENSITY_TWO_LEDS_PUSH-BUTTON.elf elf32-avr)
LOAD linker stubs

.debug_ranges   0x00000000       0x50
 .debug_ranges  0x00000000       0x50 c:/users/fly labs/desktop/imt tools/interfacing/imt_sdk_win_64/winavr/bin/../lib/gcc/avr/4.3.3/avr5\libgcc.a(_mul_sf.o)
