Archive member included because of file (symbol)

c:/users/fly labs/desktop/imt tools/interfacing/imt_sdk_win_64/winavr/bin/../lib/gcc/avr/4.3.3/avr5\libgcc.a(_mulsi3.o)
                              ./Components/keypad.o (__mulsi3)
c:/users/fly labs/desktop/imt tools/interfacing/imt_sdk_win_64/winavr/bin/../lib/gcc/avr/4.3.3/avr5\libgcc.a(_divmodsi4.o)
                              ./calculator_blocks.o (__divmodsi4)
c:/users/fly labs/desktop/imt tools/interfacing/imt_sdk_win_64/winavr/bin/../lib/gcc/avr/4.3.3/avr5\libgcc.a(_exit.o)
                              c:/users/fly labs/desktop/imt tools/interfacing/imt_sdk_win_64/winavr/bin/../lib/gcc/avr/4.3.3/../../../../avr/lib/avr5/crtm32.o (exit)
c:/users/fly labs/desktop/imt tools/interfacing/imt_sdk_win_64/winavr/bin/../lib/gcc/avr/4.3.3/avr5\libgcc.a(_copy_data.o)
                              ./Calculator.o (__do_copy_data)
c:/users/fly labs/desktop/imt tools/interfacing/imt_sdk_win_64/winavr/bin/../lib/gcc/avr/4.3.3/avr5\libgcc.a(_clear_bss.o)
                              ./calculator_blocks.o (__do_clear_bss)
c:/users/fly labs/desktop/imt tools/interfacing/imt_sdk_win_64/winavr/bin/../lib/gcc/avr/4.3.3/avr5\libgcc.a(_fixunssfsi.o)
                              ./Components/keypad.o (__fixunssfsi)
c:/users/fly labs/desktop/imt tools/interfacing/imt_sdk_win_64/winavr/bin/../lib/gcc/avr/4.3.3/avr5\libgcc.a(_divdi3.o)
                              ./Components/lcd.o (__divdi3)
c:/users/fly labs/desktop/imt tools/interfacing/imt_sdk_win_64/winavr/bin/../lib/gcc/avr/4.3.3/avr5\libgcc.a(_moddi3.o)
                              ./Components/lcd.o (__moddi3)
c:/users/fly labs/desktop/imt tools/interfacing/imt_sdk_win_64/winavr/bin/../lib/gcc/avr/4.3.3/avr5\libgcc.a(_addsub_sf.o)
                              c:/users/fly labs/desktop/imt tools/interfacing/imt_sdk_win_64/winavr/bin/../lib/gcc/avr/4.3.3/avr5\libgcc.a(_fixunssfsi.o) (__subsf3)
c:/users/fly labs/desktop/imt tools/interfacing/imt_sdk_win_64/winavr/bin/../lib/gcc/avr/4.3.3/avr5\libgcc.a(_mul_sf.o)
                              ./Components/keypad.o (__mulsf3)
c:/users/fly labs/desktop/imt tools/interfacing/imt_sdk_win_64/winavr/bin/../lib/gcc/avr/4.3.3/avr5\libgcc.a(_gt_sf.o)
                              ./Components/keypad.o (__gtsf2)
c:/users/fly labs/desktop/imt tools/interfacing/imt_sdk_win_64/winavr/bin/../lib/gcc/avr/4.3.3/avr5\libgcc.a(_ge_sf.o)
                              c:/users/fly labs/desktop/imt tools/interfacing/imt_sdk_win_64/winavr/bin/../lib/gcc/avr/4.3.3/avr5\libgcc.a(_fixunssfsi.o) (__gesf2)
c:/users/fly labs/desktop/imt tools/interfacing/imt_sdk_win_64/winavr/bin/../lib/gcc/avr/4.3.3/avr5\libgcc.a(_lt_sf.o)
                              ./Components/keypad.o (__ltsf2)
c:/users/fly labs/desktop/imt tools/interfacing/imt_sdk_win_64/winavr/bin/../lib/gcc/avr/4.3.3/avr5\libgcc.a(_sf_to_si.o)
                              c:/users/fly labs/desktop/imt tools/interfacing/imt_sdk_win_64/winavr/bin/../lib/gcc/avr/4.3.3/avr5\libgcc.a(_fixunssfsi.o) (__fixsfsi)
c:/users/fly labs/desktop/imt tools/interfacing/imt_sdk_win_64/winavr/bin/../lib/gcc/avr/4.3.3/avr5\libgcc.a(_thenan_sf.o)
                              c:/users/fly labs/desktop/imt tools/interfacing/imt_sdk_win_64/winavr/bin/../lib/gcc/avr/4.3.3/avr5\libgcc.a(_addsub_sf.o) (__thenan_sf)
c:/users/fly labs/desktop/imt tools/interfacing/imt_sdk_win_64/winavr/bin/../lib/gcc/avr/4.3.3/avr5\libgcc.a(_udivmodsi4.o)
                              c:/users/fly labs/desktop/imt tools/interfacing/imt_sdk_win_64/winavr/bin/../lib/gcc/avr/4.3.3/avr5\libgcc.a(_divmodsi4.o) (__udivmodsi4)
c:/users/fly labs/desktop/imt tools/interfacing/imt_sdk_win_64/winavr/bin/../lib/gcc/avr/4.3.3/avr5\libgcc.a(_prologue.o)
                              c:/users/fly labs/desktop/imt tools/interfacing/imt_sdk_win_64/winavr/bin/../lib/gcc/avr/4.3.3/avr5\libgcc.a(_divdi3.o) (__prologue_saves__)
c:/users/fly labs/desktop/imt tools/interfacing/imt_sdk_win_64/winavr/bin/../lib/gcc/avr/4.3.3/avr5\libgcc.a(_epilogue.o)
                              c:/users/fly labs/desktop/imt tools/interfacing/imt_sdk_win_64/winavr/bin/../lib/gcc/avr/4.3.3/avr5\libgcc.a(_divdi3.o) (__epilogue_restores__)
c:/users/fly labs/desktop/imt tools/interfacing/imt_sdk_win_64/winavr/bin/../lib/gcc/avr/4.3.3/avr5\libgcc.a(_clz.o)
                              c:/users/fly labs/desktop/imt tools/interfacing/imt_sdk_win_64/winavr/bin/../lib/gcc/avr/4.3.3/avr5\libgcc.a(_divdi3.o) (__clz_tab)
c:/users/fly labs/desktop/imt tools/interfacing/imt_sdk_win_64/winavr/bin/../lib/gcc/avr/4.3.3/avr5\libgcc.a(_pack_sf.o)
                              c:/users/fly labs/desktop/imt tools/interfacing/imt_sdk_win_64/winavr/bin/../lib/gcc/avr/4.3.3/avr5\libgcc.a(_addsub_sf.o) (__pack_f)
c:/users/fly labs/desktop/imt tools/interfacing/imt_sdk_win_64/winavr/bin/../lib/gcc/avr/4.3.3/avr5\libgcc.a(_unpack_sf.o)
                              c:/users/fly labs/desktop/imt tools/interfacing/imt_sdk_win_64/winavr/bin/../lib/gcc/avr/4.3.3/avr5\libgcc.a(_addsub_sf.o) (__unpack_f)
c:/users/fly labs/desktop/imt tools/interfacing/imt_sdk_win_64/winavr/bin/../lib/gcc/avr/4.3.3/avr5\libgcc.a(_fpcmp_parts_sf.o)
                              c:/users/fly labs/desktop/imt tools/interfacing/imt_sdk_win_64/winavr/bin/../lib/gcc/avr/4.3.3/avr5\libgcc.a(_gt_sf.o) (__fpcmp_parts_f)
c:/users/fly labs/desktop/imt tools/interfacing/imt_sdk_win_64/winavr/bin/../lib/gcc/avr/4.3.3/../../../../avr/lib/avr5\libc.a(strrev.o)
                              ./Components/lcd.o (strrev)

Allocating common symbols
Common symbol       size              file

Operands            0x30              ./calculator_blocks.o
Digits              0x10              ./calculator_blocks.o
Operations          0xb               ./calculator_blocks.o

Memory Configuration

Name             Origin             Length             Attributes
text             0x00000000         0x00020000         xr
data             0x00800060         0x0000ffa0         rw !x
eeprom           0x00810000         0x00010000         rw !x
fuse             0x00820000         0x00000400         rw !x
lock             0x00830000         0x00000400         rw !x
signature        0x00840000         0x00000400         rw !x
*default*        0x00000000         0xffffffff

Linker script and memory map

LOAD c:/users/fly labs/desktop/imt tools/interfacing/imt_sdk_win_64/winavr/bin/../lib/gcc/avr/4.3.3/../../../../avr/lib/avr5/crtm32.o
LOAD ./Components/keypad.o
LOAD ./Components/lcd.o
LOAD ./Calculator.o
LOAD ./calculator_blocks.o
LOAD c:/users/fly labs/desktop/imt tools/interfacing/imt_sdk_win_64/winavr/bin/../lib/gcc/avr/4.3.3/avr5\libgcc.a
LOAD c:/users/fly labs/desktop/imt tools/interfacing/imt_sdk_win_64/winavr/bin/../lib/gcc/avr/4.3.3/../../../../avr/lib/avr5\libc.a
LOAD c:/users/fly labs/desktop/imt tools/interfacing/imt_sdk_win_64/winavr/bin/../lib/gcc/avr/4.3.3/avr5\libgcc.a

.hash
 *(.hash)

.dynsym
 *(.dynsym)

.dynstr
 *(.dynstr)

.gnu.version
 *(.gnu.version)

.gnu.version_d
 *(.gnu.version_d)

.gnu.version_r
 *(.gnu.version_r)

.rel.init
 *(.rel.init)

.rela.init
 *(.rela.init)

.rel.text
 *(.rel.text)
 *(.rel.text.*)
 *(.rel.gnu.linkonce.t*)

.rela.text
 *(.rela.text)
 *(.rela.text.*)
 *(.rela.gnu.linkonce.t*)

.rel.fini
 *(.rel.fini)

.rela.fini
 *(.rela.fini)

.rel.rodata
 *(.rel.rodata)
 *(.rel.rodata.*)
 *(.rel.gnu.linkonce.r*)

.rela.rodata
 *(.rela.rodata)
 *(.rela.rodata.*)
 *(.rela.gnu.linkonce.r*)

.rel.data
 *(.rel.data)
 *(.rel.data.*)
 *(.rel.gnu.linkonce.d*)

.rela.data
 *(.rela.data)
 *(.rela.data.*)
 *(.rela.gnu.linkonce.d*)

.rel.ctors
 *(.rel.ctors)

.rela.ctors
 *(.rela.ctors)

.rel.dtors
 *(.rel.dtors)

.rela.dtors
 *(.rela.dtors)

.rel.got
 *(.rel.got)

.rela.got
 *(.rela.got)

.rel.bss
 *(.rel.bss)

.rela.bss
 *(.rela.bss)

.rel.plt
 *(.rel.plt)

.rela.plt
 *(.rela.plt)

.text           0x00000000     0x515e
 *(.vectors)
 .vectors       0x00000000       0x54 c:/users/fly labs/desktop/imt tools/interfacing/imt_sdk_win_64/winavr/bin/../lib/gcc/avr/4.3.3/../../../../avr/lib/avr5/crtm32.o
                0x00000000                __vectors
                0x00000000                __vector_default
 *(.vectors)
 *(.progmem.gcc*)
 *(.progmem*)
                0x00000054                . = ALIGN (0x2)
                0x00000054                __trampolines_start = .
 *(.trampolines)
 .trampolines   0x00000054        0x0 linker stubs
 *(.trampolines*)
                0x00000054                __trampolines_end = .
 *(.jumptables)
 *(.jumptables*)
 *(.lowtext)
 *(.lowtext*)
                0x00000054                __ctors_start = .
 *(.ctors)
                0x00000054                __ctors_end = .
                0x00000054                __dtors_start = .
 *(.dtors)
                0x00000054                __dtors_end = .
 SORT(*)(.ctors)
 SORT(*)(.dtors)
 *(.init0)
 .init0         0x00000054        0x0 c:/users/fly labs/desktop/imt tools/interfacing/imt_sdk_win_64/winavr/bin/../lib/gcc/avr/4.3.3/../../../../avr/lib/avr5/crtm32.o
                0x00000054                __init
 *(.init0)
 *(.init1)
 *(.init1)
 *(.init2)
 .init2         0x00000054        0xc c:/users/fly labs/desktop/imt tools/interfacing/imt_sdk_win_64/winavr/bin/../lib/gcc/avr/4.3.3/../../../../avr/lib/avr5/crtm32.o
 *(.init2)
 *(.init3)
 *(.init3)
 *(.init4)
 .init4         0x00000060       0x16 c:/users/fly labs/desktop/imt tools/interfacing/imt_sdk_win_64/winavr/bin/../lib/gcc/avr/4.3.3/avr5\libgcc.a(_copy_data.o)
                0x00000060                __do_copy_data
 .init4         0x00000076       0x10 c:/users/fly labs/desktop/imt tools/interfacing/imt_sdk_win_64/winavr/bin/../lib/gcc/avr/4.3.3/avr5\libgcc.a(_clear_bss.o)
                0x00000076                __do_clear_bss
 *(.init4)
 *(.init5)
 *(.init5)
 *(.init6)
 *(.init6)
 *(.init7)
 *(.init7)
 *(.init8)
 *(.init8)
 *(.init9)
 .init9         0x00000086        0x8 c:/users/fly labs/desktop/imt tools/interfacing/imt_sdk_win_64/winavr/bin/../lib/gcc/avr/4.3.3/../../../../avr/lib/avr5/crtm32.o
 *(.init9)
 *(.text)
 .text          0x0000008e        0x4 c:/users/fly labs/desktop/imt tools/interfacing/imt_sdk_win_64/winavr/bin/../lib/gcc/avr/4.3.3/../../../../avr/lib/avr5/crtm32.o
                0x0000008e                __vector_1
                0x0000008e                __vector_12
                0x0000008e                __bad_interrupt
                0x0000008e                __vector_6
                0x0000008e                __vector_3
                0x0000008e                __vector_11
                0x0000008e                __vector_13
                0x0000008e                __vector_17
                0x0000008e                __vector_19
                0x0000008e                __vector_7
                0x0000008e                __vector_5
                0x0000008e                __vector_4
                0x0000008e                __vector_9
                0x0000008e                __vector_2
                0x0000008e                __vector_15
                0x0000008e                __vector_8
                0x0000008e                __vector_14
                0x0000008e                __vector_10
                0x0000008e                __vector_16
                0x0000008e                __vector_18
                0x0000008e                __vector_20
 .text          0x00000092        0x0 ./Components/keypad.o
 .text          0x00000092        0x0 ./Components/lcd.o
 .text          0x00000092        0x0 ./Calculator.o
 .text          0x00000092        0x0 ./calculator_blocks.o
 .text          0x00000092        0x0 c:/users/fly labs/desktop/imt tools/interfacing/imt_sdk_win_64/winavr/bin/../lib/gcc/avr/4.3.3/avr5\libgcc.a(_mulsi3.o)
 .text          0x00000092        0x0 c:/users/fly labs/desktop/imt tools/interfacing/imt_sdk_win_64/winavr/bin/../lib/gcc/avr/4.3.3/avr5\libgcc.a(_divmodsi4.o)
 .text          0x00000092        0x0 c:/users/fly labs/desktop/imt tools/interfacing/imt_sdk_win_64/winavr/bin/../lib/gcc/avr/4.3.3/avr5\libgcc.a(_exit.o)
 .text          0x00000092        0x0 c:/users/fly labs/desktop/imt tools/interfacing/imt_sdk_win_64/winavr/bin/../lib/gcc/avr/4.3.3/avr5\libgcc.a(_copy_data.o)
 .text          0x00000092        0x0 c:/users/fly labs/desktop/imt tools/interfacing/imt_sdk_win_64/winavr/bin/../lib/gcc/avr/4.3.3/avr5\libgcc.a(_clear_bss.o)
 .text          0x00000092       0x58 c:/users/fly labs/desktop/imt tools/interfacing/imt_sdk_win_64/winavr/bin/../lib/gcc/avr/4.3.3/avr5\libgcc.a(_fixunssfsi.o)
                0x00000092                __fixunssfsi
 .text          0x000000ea     0x1050 c:/users/fly labs/desktop/imt tools/interfacing/imt_sdk_win_64/winavr/bin/../lib/gcc/avr/4.3.3/avr5\libgcc.a(_divdi3.o)
                0x000000ea                __divdi3
 .text          0x0000113a     0x107a c:/users/fly labs/desktop/imt tools/interfacing/imt_sdk_win_64/winavr/bin/../lib/gcc/avr/4.3.3/avr5\libgcc.a(_moddi3.o)
                0x0000113a                __moddi3
 .text          0x000021b4      0x354 c:/users/fly labs/desktop/imt tools/interfacing/imt_sdk_win_64/winavr/bin/../lib/gcc/avr/4.3.3/avr5\libgcc.a(_addsub_sf.o)
                0x0000244c                __subsf3
                0x000024ae                __addsf3
 .text          0x00002508      0x1f4 c:/users/fly labs/desktop/imt tools/interfacing/imt_sdk_win_64/winavr/bin/../lib/gcc/avr/4.3.3/avr5\libgcc.a(_mul_sf.o)
                0x00002508                __mulsf3
 .text          0x000026fc       0x60 c:/users/fly labs/desktop/imt tools/interfacing/imt_sdk_win_64/winavr/bin/../lib/gcc/avr/4.3.3/avr5\libgcc.a(_gt_sf.o)
                0x000026fc                __gtsf2
 .text          0x0000275c       0x60 c:/users/fly labs/desktop/imt tools/interfacing/imt_sdk_win_64/winavr/bin/../lib/gcc/avr/4.3.3/avr5\libgcc.a(_ge_sf.o)
                0x0000275c                __gesf2
 .text          0x000027bc       0x60 c:/users/fly labs/desktop/imt tools/interfacing/imt_sdk_win_64/winavr/bin/../lib/gcc/avr/4.3.3/avr5\libgcc.a(_lt_sf.o)
                0x000027bc                __ltsf2
 .text          0x0000281c       0xa8 c:/users/fly labs/desktop/imt tools/interfacing/imt_sdk_win_64/winavr/bin/../lib/gcc/avr/4.3.3/avr5\libgcc.a(_sf_to_si.o)
                0x0000281c                __fixsfsi
 .text          0x000028c4        0x0 c:/users/fly labs/desktop/imt tools/interfacing/imt_sdk_win_64/winavr/bin/../lib/gcc/avr/4.3.3/avr5\libgcc.a(_thenan_sf.o)
 .text          0x000028c4        0x0 c:/users/fly labs/desktop/imt tools/interfacing/imt_sdk_win_64/winavr/bin/../lib/gcc/avr/4.3.3/avr5\libgcc.a(_udivmodsi4.o)
 .text          0x000028c4        0x0 c:/users/fly labs/desktop/imt tools/interfacing/imt_sdk_win_64/winavr/bin/../lib/gcc/avr/4.3.3/avr5\libgcc.a(_prologue.o)
 .text          0x000028c4        0x0 c:/users/fly labs/desktop/imt tools/interfacing/imt_sdk_win_64/winavr/bin/../lib/gcc/avr/4.3.3/avr5\libgcc.a(_epilogue.o)
 .text          0x000028c4        0x0 c:/users/fly labs/desktop/imt tools/interfacing/imt_sdk_win_64/winavr/bin/../lib/gcc/avr/4.3.3/avr5\libgcc.a(_clz.o)
 .text          0x000028c4      0x1aa c:/users/fly labs/desktop/imt tools/interfacing/imt_sdk_win_64/winavr/bin/../lib/gcc/avr/4.3.3/avr5\libgcc.a(_pack_sf.o)
                0x000028c4                __pack_f
 .text          0x00002a6e       0xf0 c:/users/fly labs/desktop/imt tools/interfacing/imt_sdk_win_64/winavr/bin/../lib/gcc/avr/4.3.3/avr5\libgcc.a(_unpack_sf.o)
                0x00002a6e                __unpack_f
 .text          0x00002b5e       0xb2 c:/users/fly labs/desktop/imt tools/interfacing/imt_sdk_win_64/winavr/bin/../lib/gcc/avr/4.3.3/avr5\libgcc.a(_fpcmp_parts_sf.o)
                0x00002b5e                __fpcmp_parts_f
 .text          0x00002c10        0x0 c:/users/fly labs/desktop/imt tools/interfacing/imt_sdk_win_64/winavr/bin/../lib/gcc/avr/4.3.3/../../../../avr/lib/avr5\libc.a(strrev.o)
                0x00002c10                . = ALIGN (0x2)
 *(.text.*)
 .text.KeyPad_getPressedKey
                0x00002c10       0xb0 ./Components/keypad.o
                0x00002c10                KeyPad_getPressedKey
 .text.KeyPad_4x4_adjustKeyNumber
                0x00002cc0      0x14c ./Components/keypad.o
                0x00002cc0                KeyPad_4x4_adjustKeyNumber
 .text.powerOf  0x00002e0c       0xb8 ./Components/keypad.o
                0x00002e0c                powerOf
 .text.KeyPad_getSeriesOfPressedNumbers
                0x00002ec4      0x22c ./Components/keypad.o
                0x00002ec4                KeyPad_getSeriesOfPressedNumbers
 .text.LCD_init
                0x000030f0       0x36 ./Components/lcd.o
                0x000030f0                LCD_init
 .text.LCD_sendCommand
                0x00003126      0x3f8 ./Components/lcd.o
                0x00003126                LCD_sendCommand
 .text.LCD_displayCharacter
                0x0000351e      0x3f8 ./Components/lcd.o
                0x0000351e                LCD_displayCharacter
 .text.LCD_displayString
                0x00003916       0x52 ./Components/lcd.o
                0x00003916                LCD_displayString
 .text.LCD_goToRowColumn
                0x00003968       0x84 ./Components/lcd.o
                0x00003968                LCD_goToRowColumn
 .text.LCD_displayStringRowColumn
                0x000039ec       0x32 ./Components/lcd.o
                0x000039ec                LCD_displayStringRowColumn
 .text.LCD_clearScreen
                0x00003a1e       0x14 ./Components/lcd.o
                0x00003a1e                LCD_clearScreen
 .text.Signed_Int64_ToASCI
                0x00003a32      0x482 ./Components/lcd.o
 .text.LCD_Signed_Int64_ToString
                0x00003eb4       0xa6 ./Components/lcd.o
                0x00003eb4                LCD_Signed_Int64_ToString
 .text.InitPeripherals
                0x00003f5a       0x16 ./Calculator.o
                0x00003f5a                InitPeripherals
 .text.InitPorts
                0x00003f70        0xe ./Calculator.o
                0x00003f70                InitPorts
 .text.main     0x00003f7e       0x54 ./Calculator.o
                0x00003f7e                main
 .text.ResetData
                0x00003fd2       0x98 ./calculator_blocks.o
                0x00003fd2                ResetData
 .text.SynchronousDisplay
                0x0000406a       0x66 ./calculator_blocks.o
                0x0000406a                SynchronousDisplay
 .text.GetData  0x000040d0      0x15e ./calculator_blocks.o
                0x000040d0                GetData
 .text.ConvertToInt64
                0x0000422e      0x13e ./calculator_blocks.o
                0x0000422e                ConvertToInt64
 .text.DisplayResult
                0x0000436c       0x80 ./calculator_blocks.o
                0x0000436c                DisplayResult
 .text.ThrowException
                0x000043ec       0x36 ./calculator_blocks.o
                0x000043ec                ThrowException
 .text.Analyze  0x00004422      0x2da ./calculator_blocks.o
                0x00004422                Analyze
 .text.Calculate
                0x000046fc      0x918 ./calculator_blocks.o
                0x000046fc                Calculate
 .text.libgcc   0x00005014       0x3e c:/users/fly labs/desktop/imt tools/interfacing/imt_sdk_win_64/winavr/bin/../lib/gcc/avr/4.3.3/avr5\libgcc.a(_mulsi3.o)
                0x00005014                __mulsi3
 .text.libgcc   0x00005052       0x36 c:/users/fly labs/desktop/imt tools/interfacing/imt_sdk_win_64/winavr/bin/../lib/gcc/avr/4.3.3/avr5\libgcc.a(_divmodsi4.o)
                0x00005052                __divmodsi4
 .text.libgcc   0x00005088        0x0 c:/users/fly labs/desktop/imt tools/interfacing/imt_sdk_win_64/winavr/bin/../lib/gcc/avr/4.3.3/avr5\libgcc.a(_exit.o)
 .text.libgcc   0x00005088        0x0 c:/users/fly labs/desktop/imt tools/interfacing/imt_sdk_win_64/winavr/bin/../lib/gcc/avr/4.3.3/avr5\libgcc.a(_copy_data.o)
 .text.libgcc   0x00005088        0x0 c:/users/fly labs/desktop/imt tools/interfacing/imt_sdk_win_64/winavr/bin/../lib/gcc/avr/4.3.3/avr5\libgcc.a(_clear_bss.o)
 .text.libgcc   0x00005088       0x44 c:/users/fly labs/desktop/imt tools/interfacing/imt_sdk_win_64/winavr/bin/../lib/gcc/avr/4.3.3/avr5\libgcc.a(_udivmodsi4.o)
                0x00005088                __udivmodsi4
 .text.libgcc   0x000050cc       0x38 c:/users/fly labs/desktop/imt tools/interfacing/imt_sdk_win_64/winavr/bin/../lib/gcc/avr/4.3.3/avr5\libgcc.a(_prologue.o)
                0x000050cc                __prologue_saves__
 .text.libgcc   0x00005104       0x36 c:/users/fly labs/desktop/imt tools/interfacing/imt_sdk_win_64/winavr/bin/../lib/gcc/avr/4.3.3/avr5\libgcc.a(_epilogue.o)
                0x00005104                __epilogue_restores__
 .text.avr-libc
                0x0000513a       0x20 c:/users/fly labs/desktop/imt tools/interfacing/imt_sdk_win_64/winavr/bin/../lib/gcc/avr/4.3.3/../../../../avr/lib/avr5\libc.a(strrev.o)
                0x0000513a                strrev
                0x0000515a                . = ALIGN (0x2)
 *(.fini9)
 .fini9         0x0000515a        0x0 c:/users/fly labs/desktop/imt tools/interfacing/imt_sdk_win_64/winavr/bin/../lib/gcc/avr/4.3.3/avr5\libgcc.a(_exit.o)
                0x0000515a                exit
                0x0000515a                _exit
 *(.fini9)
 *(.fini8)
 *(.fini8)
 *(.fini7)
 *(.fini7)
 *(.fini6)
 *(.fini6)
 *(.fini5)
 *(.fini5)
 *(.fini4)
 *(.fini4)
 *(.fini3)
 *(.fini3)
 *(.fini2)
 *(.fini2)
 *(.fini1)
 *(.fini1)
 *(.fini0)
 .fini0         0x0000515a        0x4 c:/users/fly labs/desktop/imt tools/interfacing/imt_sdk_win_64/winavr/bin/../lib/gcc/avr/4.3.3/avr5\libgcc.a(_exit.o)
 *(.fini0)
                0x0000515e                _etext = .

.data           0x00800060      0x146 load address 0x0000515e
                0x00800060                PROVIDE (__data_start, .)
 *(.data)
 .data          0x00800060        0x0 c:/users/fly labs/desktop/imt tools/interfacing/imt_sdk_win_64/winavr/bin/../lib/gcc/avr/4.3.3/../../../../avr/lib/avr5/crtm32.o
 .data          0x00800060        0x0 ./Components/keypad.o
 .data          0x00800060        0x0 ./Components/lcd.o
 .data          0x00800060        0x0 ./Calculator.o
 .data          0x00800060       0x3c ./calculator_blocks.o
 .data          0x0080009c        0x0 c:/users/fly labs/desktop/imt tools/interfacing/imt_sdk_win_64/winavr/bin/../lib/gcc/avr/4.3.3/avr5\libgcc.a(_mulsi3.o)
 .data          0x0080009c        0x0 c:/users/fly labs/desktop/imt tools/interfacing/imt_sdk_win_64/winavr/bin/../lib/gcc/avr/4.3.3/avr5\libgcc.a(_divmodsi4.o)
 .data          0x0080009c        0x0 c:/users/fly labs/desktop/imt tools/interfacing/imt_sdk_win_64/winavr/bin/../lib/gcc/avr/4.3.3/avr5\libgcc.a(_exit.o)
 .data          0x0080009c        0x0 c:/users/fly labs/desktop/imt tools/interfacing/imt_sdk_win_64/winavr/bin/../lib/gcc/avr/4.3.3/avr5\libgcc.a(_copy_data.o)
 .data          0x0080009c        0x0 c:/users/fly labs/desktop/imt tools/interfacing/imt_sdk_win_64/winavr/bin/../lib/gcc/avr/4.3.3/avr5\libgcc.a(_clear_bss.o)
 .data          0x0080009c        0x0 c:/users/fly labs/desktop/imt tools/interfacing/imt_sdk_win_64/winavr/bin/../lib/gcc/avr/4.3.3/avr5\libgcc.a(_fixunssfsi.o)
 .data          0x0080009c        0x0 c:/users/fly labs/desktop/imt tools/interfacing/imt_sdk_win_64/winavr/bin/../lib/gcc/avr/4.3.3/avr5\libgcc.a(_divdi3.o)
 .data          0x0080009c        0x0 c:/users/fly labs/desktop/imt tools/interfacing/imt_sdk_win_64/winavr/bin/../lib/gcc/avr/4.3.3/avr5\libgcc.a(_moddi3.o)
 .data          0x0080009c        0x0 c:/users/fly labs/desktop/imt tools/interfacing/imt_sdk_win_64/winavr/bin/../lib/gcc/avr/4.3.3/avr5\libgcc.a(_addsub_sf.o)
 .data          0x0080009c        0x0 c:/users/fly labs/desktop/imt tools/interfacing/imt_sdk_win_64/winavr/bin/../lib/gcc/avr/4.3.3/avr5\libgcc.a(_mul_sf.o)
 .data          0x0080009c        0x0 c:/users/fly labs/desktop/imt tools/interfacing/imt_sdk_win_64/winavr/bin/../lib/gcc/avr/4.3.3/avr5\libgcc.a(_gt_sf.o)
 .data          0x0080009c        0x0 c:/users/fly labs/desktop/imt tools/interfacing/imt_sdk_win_64/winavr/bin/../lib/gcc/avr/4.3.3/avr5\libgcc.a(_ge_sf.o)
 .data          0x0080009c        0x0 c:/users/fly labs/desktop/imt tools/interfacing/imt_sdk_win_64/winavr/bin/../lib/gcc/avr/4.3.3/avr5\libgcc.a(_lt_sf.o)
 .data          0x0080009c        0x0 c:/users/fly labs/desktop/imt tools/interfacing/imt_sdk_win_64/winavr/bin/../lib/gcc/avr/4.3.3/avr5\libgcc.a(_sf_to_si.o)
 .data          0x0080009c        0x8 c:/users/fly labs/desktop/imt tools/interfacing/imt_sdk_win_64/winavr/bin/../lib/gcc/avr/4.3.3/avr5\libgcc.a(_thenan_sf.o)
                0x0080009c                __thenan_sf
 .data          0x008000a4        0x0 c:/users/fly labs/desktop/imt tools/interfacing/imt_sdk_win_64/winavr/bin/../lib/gcc/avr/4.3.3/avr5\libgcc.a(_udivmodsi4.o)
 .data          0x008000a4        0x0 c:/users/fly labs/desktop/imt tools/interfacing/imt_sdk_win_64/winavr/bin/../lib/gcc/avr/4.3.3/avr5\libgcc.a(_prologue.o)
 .data          0x008000a4        0x0 c:/users/fly labs/desktop/imt tools/interfacing/imt_sdk_win_64/winavr/bin/../lib/gcc/avr/4.3.3/avr5\libgcc.a(_epilogue.o)
 .data          0x008000a4      0x100 c:/users/fly labs/desktop/imt tools/interfacing/imt_sdk_win_64/winavr/bin/../lib/gcc/avr/4.3.3/avr5\libgcc.a(_clz.o)
                0x008000a4                __clz_tab
 .data          0x008001a4        0x0 c:/users/fly labs/desktop/imt tools/interfacing/imt_sdk_win_64/winavr/bin/../lib/gcc/avr/4.3.3/avr5\libgcc.a(_pack_sf.o)
 .data          0x008001a4        0x0 c:/users/fly labs/desktop/imt tools/interfacing/imt_sdk_win_64/winavr/bin/../lib/gcc/avr/4.3.3/avr5\libgcc.a(_unpack_sf.o)
 .data          0x008001a4        0x0 c:/users/fly labs/desktop/imt tools/interfacing/imt_sdk_win_64/winavr/bin/../lib/gcc/avr/4.3.3/avr5\libgcc.a(_fpcmp_parts_sf.o)
 .data          0x008001a4        0x0 c:/users/fly labs/desktop/imt tools/interfacing/imt_sdk_win_64/winavr/bin/../lib/gcc/avr/4.3.3/../../../../avr/lib/avr5\libc.a(strrev.o)
 *(.data*)
 .data.Flag     0x008001a4        0x1 ./Calculator.o
                0x008001a4                Flag
 *(.rodata)
 *(.rodata*)
 *(.gnu.linkonce.d*)
                0x008001a6                . = ALIGN (0x2)
 *fill*         0x008001a5        0x1 00
                0x008001a6                _edata = .
                0x008001a6                PROVIDE (__data_end, .)

.bss            0x008001a6       0x55
                0x008001a6                PROVIDE (__bss_start, .)
 *(.bss)
 .bss           0x008001a6        0x0 c:/users/fly labs/desktop/imt tools/interfacing/imt_sdk_win_64/winavr/bin/../lib/gcc/avr/4.3.3/../../../../avr/lib/avr5/crtm32.o
 .bss           0x008001a6        0x0 ./Components/keypad.o
 .bss           0x008001a6        0x0 ./Components/lcd.o
 .bss           0x008001a6        0x0 ./Calculator.o
 .bss           0x008001a6        0x0 ./calculator_blocks.o
 .bss           0x008001a6        0x0 c:/users/fly labs/desktop/imt tools/interfacing/imt_sdk_win_64/winavr/bin/../lib/gcc/avr/4.3.3/avr5\libgcc.a(_mulsi3.o)
 .bss           0x008001a6        0x0 c:/users/fly labs/desktop/imt tools/interfacing/imt_sdk_win_64/winavr/bin/../lib/gcc/avr/4.3.3/avr5\libgcc.a(_divmodsi4.o)
 .bss           0x008001a6        0x0 c:/users/fly labs/desktop/imt tools/interfacing/imt_sdk_win_64/winavr/bin/../lib/gcc/avr/4.3.3/avr5\libgcc.a(_exit.o)
 .bss           0x008001a6        0x0 c:/users/fly labs/desktop/imt tools/interfacing/imt_sdk_win_64/winavr/bin/../lib/gcc/avr/4.3.3/avr5\libgcc.a(_copy_data.o)
 .bss           0x008001a6        0x0 c:/users/fly labs/desktop/imt tools/interfacing/imt_sdk_win_64/winavr/bin/../lib/gcc/avr/4.3.3/avr5\libgcc.a(_clear_bss.o)
 .bss           0x008001a6        0x0 c:/users/fly labs/desktop/imt tools/interfacing/imt_sdk_win_64/winavr/bin/../lib/gcc/avr/4.3.3/avr5\libgcc.a(_fixunssfsi.o)
 .bss           0x008001a6        0x0 c:/users/fly labs/desktop/imt tools/interfacing/imt_sdk_win_64/winavr/bin/../lib/gcc/avr/4.3.3/avr5\libgcc.a(_divdi3.o)
 .bss           0x008001a6        0x0 c:/users/fly labs/desktop/imt tools/interfacing/imt_sdk_win_64/winavr/bin/../lib/gcc/avr/4.3.3/avr5\libgcc.a(_moddi3.o)
 .bss           0x008001a6        0x0 c:/users/fly labs/desktop/imt tools/interfacing/imt_sdk_win_64/winavr/bin/../lib/gcc/avr/4.3.3/avr5\libgcc.a(_addsub_sf.o)
 .bss           0x008001a6        0x0 c:/users/fly labs/desktop/imt tools/interfacing/imt_sdk_win_64/winavr/bin/../lib/gcc/avr/4.3.3/avr5\libgcc.a(_mul_sf.o)
 .bss           0x008001a6        0x0 c:/users/fly labs/desktop/imt tools/interfacing/imt_sdk_win_64/winavr/bin/../lib/gcc/avr/4.3.3/avr5\libgcc.a(_gt_sf.o)
 .bss           0x008001a6        0x0 c:/users/fly labs/desktop/imt tools/interfacing/imt_sdk_win_64/winavr/bin/../lib/gcc/avr/4.3.3/avr5\libgcc.a(_ge_sf.o)
 .bss           0x008001a6        0x0 c:/users/fly labs/desktop/imt tools/interfacing/imt_sdk_win_64/winavr/bin/../lib/gcc/avr/4.3.3/avr5\libgcc.a(_lt_sf.o)
 .bss           0x008001a6        0x0 c:/users/fly labs/desktop/imt tools/interfacing/imt_sdk_win_64/winavr/bin/../lib/gcc/avr/4.3.3/avr5\libgcc.a(_sf_to_si.o)
 .bss           0x008001a6        0x0 c:/users/fly labs/desktop/imt tools/interfacing/imt_sdk_win_64/winavr/bin/../lib/gcc/avr/4.3.3/avr5\libgcc.a(_thenan_sf.o)
 .bss           0x008001a6        0x0 c:/users/fly labs/desktop/imt tools/interfacing/imt_sdk_win_64/winavr/bin/../lib/gcc/avr/4.3.3/avr5\libgcc.a(_udivmodsi4.o)
 .bss           0x008001a6        0x0 c:/users/fly labs/desktop/imt tools/interfacing/imt_sdk_win_64/winavr/bin/../lib/gcc/avr/4.3.3/avr5\libgcc.a(_prologue.o)
 .bss           0x008001a6        0x0 c:/users/fly labs/desktop/imt tools/interfacing/imt_sdk_win_64/winavr/bin/../lib/gcc/avr/4.3.3/avr5\libgcc.a(_epilogue.o)
 .bss           0x008001a6        0x0 c:/users/fly labs/desktop/imt tools/interfacing/imt_sdk_win_64/winavr/bin/../lib/gcc/avr/4.3.3/avr5\libgcc.a(_clz.o)
 .bss           0x008001a6        0x0 c:/users/fly labs/desktop/imt tools/interfacing/imt_sdk_win_64/winavr/bin/../lib/gcc/avr/4.3.3/avr5\libgcc.a(_pack_sf.o)
 .bss           0x008001a6        0x0 c:/users/fly labs/desktop/imt tools/interfacing/imt_sdk_win_64/winavr/bin/../lib/gcc/avr/4.3.3/avr5\libgcc.a(_unpack_sf.o)
 .bss           0x008001a6        0x0 c:/users/fly labs/desktop/imt tools/interfacing/imt_sdk_win_64/winavr/bin/../lib/gcc/avr/4.3.3/avr5\libgcc.a(_fpcmp_parts_sf.o)
 .bss           0x008001a6        0x0 c:/users/fly labs/desktop/imt tools/interfacing/imt_sdk_win_64/winavr/bin/../lib/gcc/avr/4.3.3/../../../../avr/lib/avr5\libc.a(strrev.o)
 *(.bss*)
 .bss.Result    0x008001a6        0x4 ./calculator_blocks.o
                0x008001a6                Result
 .bss.OperandsCounter
                0x008001aa        0x1 ./calculator_blocks.o
                0x008001aa                OperandsCounter
 .bss.OperationsCounter
                0x008001ab        0x1 ./calculator_blocks.o
                0x008001ab                OperationsCounter
 .bss.DigitsCounter
                0x008001ac        0x1 ./calculator_blocks.o
                0x008001ac                DigitsCounter
 .bss.FirstNumberSign
                0x008001ad        0x1 ./calculator_blocks.o
                0x008001ad                FirstNumberSign
 .bss.SignNumberFlagToConvertInt64
                0x008001ae        0x1 ./calculator_blocks.o
                0x008001ae                SignNumberFlagToConvertInt64
 .bss.OtherNumberSign
                0x008001af        0x1 ./calculator_blocks.o
                0x008001af                OtherNumberSign
 *(COMMON)
 COMMON         0x008001b0       0x4b ./calculator_blocks.o
                0x008001b0                Operands
                0x008001e0                Digits
                0x008001f0                Operations
                0x008001fb                PROVIDE (__bss_end, .)
                0x0000515e                __data_load_start = LOADADDR (.data)
                0x000052a4                __data_load_end = (__data_load_start + SIZEOF (.data))

.noinit         0x008001fb        0x0
                0x008001fb                PROVIDE (__noinit_start, .)
 *(.noinit*)
                0x008001fb                PROVIDE (__noinit_end, .)
                0x008001fb                _end = .
                0x008001fb                PROVIDE (__heap_start, .)

.eeprom         0x00810000        0x0
 *(.eeprom*)
                0x00810000                __eeprom_end = .

.fuse
 *(.fuse)
 *(.lfuse)
 *(.hfuse)
 *(.efuse)

.lock
 *(.lock*)

.signature
 *(.signature*)

.stab           0x00000000     0x21cc
 *(.stab)
 .stab          0x00000000      0x78c ./Components/keypad.o
 .stab          0x0000078c      0xc24 ./Components/lcd.o
                                0xe70 (size before relaxing)
 .stab          0x000013b0      0x2a0 ./Calculator.o
                                0x54c (size before relaxing)
 .stab          0x00001650      0xb7c ./calculator_blocks.o
                                0xe58 (size before relaxing)

.stabstr        0x00000000     0x11fc
 *(.stabstr)
 .stabstr       0x00000000     0x11fc ./Components/keypad.o

.stab.excl
 *(.stab.excl)

.stab.exclstr
 *(.stab.exclstr)

.stab.index
 *(.stab.index)

.stab.indexstr
 *(.stab.indexstr)

.comment
 *(.comment)

.debug
 *(.debug)

.line
 *(.line)

.debug_srcinfo
 *(.debug_srcinfo)

.debug_sfnames
 *(.debug_sfnames)

.debug_aranges  0x00000000      0x180
 *(.debug_aranges)
 .debug_aranges
                0x00000000       0x20 c:/users/fly labs/desktop/imt tools/interfacing/imt_sdk_win_64/winavr/bin/../lib/gcc/avr/4.3.3/avr5\libgcc.a(_fixunssfsi.o)
 .debug_aranges
                0x00000020       0x20 c:/users/fly labs/desktop/imt tools/interfacing/imt_sdk_win_64/winavr/bin/../lib/gcc/avr/4.3.3/avr5\libgcc.a(_divdi3.o)
 .debug_aranges
                0x00000040       0x20 c:/users/fly labs/desktop/imt tools/interfacing/imt_sdk_win_64/winavr/bin/../lib/gcc/avr/4.3.3/avr5\libgcc.a(_moddi3.o)
 .debug_aranges
                0x00000060       0x20 c:/users/fly labs/desktop/imt tools/interfacing/imt_sdk_win_64/winavr/bin/../lib/gcc/avr/4.3.3/avr5\libgcc.a(_addsub_sf.o)
 .debug_aranges
                0x00000080       0x20 c:/users/fly labs/desktop/imt tools/interfacing/imt_sdk_win_64/winavr/bin/../lib/gcc/avr/4.3.3/avr5\libgcc.a(_mul_sf.o)
 .debug_aranges
                0x000000a0       0x20 c:/users/fly labs/desktop/imt tools/interfacing/imt_sdk_win_64/winavr/bin/../lib/gcc/avr/4.3.3/avr5\libgcc.a(_gt_sf.o)
 .debug_aranges
                0x000000c0       0x20 c:/users/fly labs/desktop/imt tools/interfacing/imt_sdk_win_64/winavr/bin/../lib/gcc/avr/4.3.3/avr5\libgcc.a(_ge_sf.o)
 .debug_aranges
                0x000000e0       0x20 c:/users/fly labs/desktop/imt tools/interfacing/imt_sdk_win_64/winavr/bin/../lib/gcc/avr/4.3.3/avr5\libgcc.a(_lt_sf.o)
 .debug_aranges
                0x00000100       0x20 c:/users/fly labs/desktop/imt tools/interfacing/imt_sdk_win_64/winavr/bin/../lib/gcc/avr/4.3.3/avr5\libgcc.a(_sf_to_si.o)
 .debug_aranges
                0x00000120       0x20 c:/users/fly labs/desktop/imt tools/interfacing/imt_sdk_win_64/winavr/bin/../lib/gcc/avr/4.3.3/avr5\libgcc.a(_pack_sf.o)
 .debug_aranges
                0x00000140       0x20 c:/users/fly labs/desktop/imt tools/interfacing/imt_sdk_win_64/winavr/bin/../lib/gcc/avr/4.3.3/avr5\libgcc.a(_unpack_sf.o)
 .debug_aranges
                0x00000160       0x20 c:/users/fly labs/desktop/imt tools/interfacing/imt_sdk_win_64/winavr/bin/../lib/gcc/avr/4.3.3/avr5\libgcc.a(_fpcmp_parts_sf.o)

.debug_pubnames
                0x00000000      0x1ce
 *(.debug_pubnames)
 .debug_pubnames
                0x00000000       0x23 c:/users/fly labs/desktop/imt tools/interfacing/imt_sdk_win_64/winavr/bin/../lib/gcc/avr/4.3.3/avr5\libgcc.a(_fixunssfsi.o)
 .debug_pubnames
                0x00000023       0x1f c:/users/fly labs/desktop/imt tools/interfacing/imt_sdk_win_64/winavr/bin/../lib/gcc/avr/4.3.3/avr5\libgcc.a(_divdi3.o)
 .debug_pubnames
                0x00000042       0x1f c:/users/fly labs/desktop/imt tools/interfacing/imt_sdk_win_64/winavr/bin/../lib/gcc/avr/4.3.3/avr5\libgcc.a(_moddi3.o)
 .debug_pubnames
                0x00000061       0x2c c:/users/fly labs/desktop/imt tools/interfacing/imt_sdk_win_64/winavr/bin/../lib/gcc/avr/4.3.3/avr5\libgcc.a(_addsub_sf.o)
 .debug_pubnames
                0x0000008d       0x1f c:/users/fly labs/desktop/imt tools/interfacing/imt_sdk_win_64/winavr/bin/../lib/gcc/avr/4.3.3/avr5\libgcc.a(_mul_sf.o)
 .debug_pubnames
                0x000000ac       0x1e c:/users/fly labs/desktop/imt tools/interfacing/imt_sdk_win_64/winavr/bin/../lib/gcc/avr/4.3.3/avr5\libgcc.a(_gt_sf.o)
 .debug_pubnames
                0x000000ca       0x1e c:/users/fly labs/desktop/imt tools/interfacing/imt_sdk_win_64/winavr/bin/../lib/gcc/avr/4.3.3/avr5\libgcc.a(_ge_sf.o)
 .debug_pubnames
                0x000000e8       0x1e c:/users/fly labs/desktop/imt tools/interfacing/imt_sdk_win_64/winavr/bin/../lib/gcc/avr/4.3.3/avr5\libgcc.a(_lt_sf.o)
 .debug_pubnames
                0x00000106       0x20 c:/users/fly labs/desktop/imt tools/interfacing/imt_sdk_win_64/winavr/bin/../lib/gcc/avr/4.3.3/avr5\libgcc.a(_sf_to_si.o)
 .debug_pubnames
                0x00000126       0x22 c:/users/fly labs/desktop/imt tools/interfacing/imt_sdk_win_64/winavr/bin/../lib/gcc/avr/4.3.3/avr5\libgcc.a(_thenan_sf.o)
 .debug_pubnames
                0x00000148       0x20 c:/users/fly labs/desktop/imt tools/interfacing/imt_sdk_win_64/winavr/bin/../lib/gcc/avr/4.3.3/avr5\libgcc.a(_clz.o)
 .debug_pubnames
                0x00000168       0x1f c:/users/fly labs/desktop/imt tools/interfacing/imt_sdk_win_64/winavr/bin/../lib/gcc/avr/4.3.3/avr5\libgcc.a(_pack_sf.o)
 .debug_pubnames
                0x00000187       0x21 c:/users/fly labs/desktop/imt tools/interfacing/imt_sdk_win_64/winavr/bin/../lib/gcc/avr/4.3.3/avr5\libgcc.a(_unpack_sf.o)
 .debug_pubnames
                0x000001a8       0x26 c:/users/fly labs/desktop/imt tools/interfacing/imt_sdk_win_64/winavr/bin/../lib/gcc/avr/4.3.3/avr5\libgcc.a(_fpcmp_parts_sf.o)

.debug_info     0x00000000     0x2bc9
 *(.debug_info)
 .debug_info    0x00000000       0xb1 c:/users/fly labs/desktop/imt tools/interfacing/imt_sdk_win_64/winavr/bin/../lib/gcc/avr/4.3.3/avr5\libgcc.a(_fixunssfsi.o)
 .debug_info    0x000000b1      0x756 c:/users/fly labs/desktop/imt tools/interfacing/imt_sdk_win_64/winavr/bin/../lib/gcc/avr/4.3.3/avr5\libgcc.a(_divdi3.o)
 .debug_info    0x00000807      0x781 c:/users/fly labs/desktop/imt tools/interfacing/imt_sdk_win_64/winavr/bin/../lib/gcc/avr/4.3.3/avr5\libgcc.a(_moddi3.o)
 .debug_info    0x00000f88      0x47a c:/users/fly labs/desktop/imt tools/interfacing/imt_sdk_win_64/winavr/bin/../lib/gcc/avr/4.3.3/avr5\libgcc.a(_addsub_sf.o)
 .debug_info    0x00001402      0x485 c:/users/fly labs/desktop/imt tools/interfacing/imt_sdk_win_64/winavr/bin/../lib/gcc/avr/4.3.3/avr5\libgcc.a(_mul_sf.o)
 .debug_info    0x00001887      0x27f c:/users/fly labs/desktop/imt tools/interfacing/imt_sdk_win_64/winavr/bin/../lib/gcc/avr/4.3.3/avr5\libgcc.a(_gt_sf.o)
 .debug_info    0x00001b06      0x27f c:/users/fly labs/desktop/imt tools/interfacing/imt_sdk_win_64/winavr/bin/../lib/gcc/avr/4.3.3/avr5\libgcc.a(_ge_sf.o)
 .debug_info    0x00001d85      0x27f c:/users/fly labs/desktop/imt tools/interfacing/imt_sdk_win_64/winavr/bin/../lib/gcc/avr/4.3.3/avr5\libgcc.a(_lt_sf.o)
 .debug_info    0x00002004      0x2b0 c:/users/fly labs/desktop/imt tools/interfacing/imt_sdk_win_64/winavr/bin/../lib/gcc/avr/4.3.3/avr5\libgcc.a(_sf_to_si.o)
 .debug_info    0x000022b4      0x12c c:/users/fly labs/desktop/imt tools/interfacing/imt_sdk_win_64/winavr/bin/../lib/gcc/avr/4.3.3/avr5\libgcc.a(_thenan_sf.o)
 .debug_info    0x000023e0       0xa9 c:/users/fly labs/desktop/imt tools/interfacing/imt_sdk_win_64/winavr/bin/../lib/gcc/avr/4.3.3/avr5\libgcc.a(_clz.o)
 .debug_info    0x00002489      0x2df c:/users/fly labs/desktop/imt tools/interfacing/imt_sdk_win_64/winavr/bin/../lib/gcc/avr/4.3.3/avr5\libgcc.a(_pack_sf.o)
 .debug_info    0x00002768      0x251 c:/users/fly labs/desktop/imt tools/interfacing/imt_sdk_win_64/winavr/bin/../lib/gcc/avr/4.3.3/avr5\libgcc.a(_unpack_sf.o)
 .debug_info    0x000029b9      0x210 c:/users/fly labs/desktop/imt tools/interfacing/imt_sdk_win_64/winavr/bin/../lib/gcc/avr/4.3.3/avr5\libgcc.a(_fpcmp_parts_sf.o)
 *(.gnu.linkonce.wi.*)

.debug_abbrev   0x00000000     0x1293
 *(.debug_abbrev)
 .debug_abbrev  0x00000000       0x5d c:/users/fly labs/desktop/imt tools/interfacing/imt_sdk_win_64/winavr/bin/../lib/gcc/avr/4.3.3/avr5\libgcc.a(_fixunssfsi.o)
 .debug_abbrev  0x0000005d      0x19f c:/users/fly labs/desktop/imt tools/interfacing/imt_sdk_win_64/winavr/bin/../lib/gcc/avr/4.3.3/avr5\libgcc.a(_divdi3.o)
 .debug_abbrev  0x000001fc      0x19f c:/users/fly labs/desktop/imt tools/interfacing/imt_sdk_win_64/winavr/bin/../lib/gcc/avr/4.3.3/avr5\libgcc.a(_moddi3.o)
 .debug_abbrev  0x0000039b      0x1ea c:/users/fly labs/desktop/imt tools/interfacing/imt_sdk_win_64/winavr/bin/../lib/gcc/avr/4.3.3/avr5\libgcc.a(_addsub_sf.o)
 .debug_abbrev  0x00000585      0x21b c:/users/fly labs/desktop/imt tools/interfacing/imt_sdk_win_64/winavr/bin/../lib/gcc/avr/4.3.3/avr5\libgcc.a(_mul_sf.o)
 .debug_abbrev  0x000007a0      0x15a c:/users/fly labs/desktop/imt tools/interfacing/imt_sdk_win_64/winavr/bin/../lib/gcc/avr/4.3.3/avr5\libgcc.a(_gt_sf.o)
 .debug_abbrev  0x000008fa      0x15a c:/users/fly labs/desktop/imt tools/interfacing/imt_sdk_win_64/winavr/bin/../lib/gcc/avr/4.3.3/avr5\libgcc.a(_ge_sf.o)
 .debug_abbrev  0x00000a54      0x15a c:/users/fly labs/desktop/imt tools/interfacing/imt_sdk_win_64/winavr/bin/../lib/gcc/avr/4.3.3/avr5\libgcc.a(_lt_sf.o)
 .debug_abbrev  0x00000bae      0x17f c:/users/fly labs/desktop/imt tools/interfacing/imt_sdk_win_64/winavr/bin/../lib/gcc/avr/4.3.3/avr5\libgcc.a(_sf_to_si.o)
 .debug_abbrev  0x00000d2d       0xad c:/users/fly labs/desktop/imt tools/interfacing/imt_sdk_win_64/winavr/bin/../lib/gcc/avr/4.3.3/avr5\libgcc.a(_thenan_sf.o)
 .debug_abbrev  0x00000dda       0x6a c:/users/fly labs/desktop/imt tools/interfacing/imt_sdk_win_64/winavr/bin/../lib/gcc/avr/4.3.3/avr5\libgcc.a(_clz.o)
 .debug_abbrev  0x00000e44      0x1c0 c:/users/fly labs/desktop/imt tools/interfacing/imt_sdk_win_64/winavr/bin/../lib/gcc/avr/4.3.3/avr5\libgcc.a(_pack_sf.o)
 .debug_abbrev  0x00001004      0x154 c:/users/fly labs/desktop/imt tools/interfacing/imt_sdk_win_64/winavr/bin/../lib/gcc/avr/4.3.3/avr5\libgcc.a(_unpack_sf.o)
 .debug_abbrev  0x00001158      0x13b c:/users/fly labs/desktop/imt tools/interfacing/imt_sdk_win_64/winavr/bin/../lib/gcc/avr/4.3.3/avr5\libgcc.a(_fpcmp_parts_sf.o)

.debug_line     0x00000000     0x12d1
 *(.debug_line)
 .debug_line    0x00000000       0xa7 c:/users/fly labs/desktop/imt tools/interfacing/imt_sdk_win_64/winavr/bin/../lib/gcc/avr/4.3.3/avr5\libgcc.a(_fixunssfsi.o)
 .debug_line    0x000000a7      0x228 c:/users/fly labs/desktop/imt tools/interfacing/imt_sdk_win_64/winavr/bin/../lib/gcc/avr/4.3.3/avr5\libgcc.a(_divdi3.o)
 .debug_line    0x000002cf      0x280 c:/users/fly labs/desktop/imt tools/interfacing/imt_sdk_win_64/winavr/bin/../lib/gcc/avr/4.3.3/avr5\libgcc.a(_moddi3.o)
 .debug_line    0x0000054f      0x2af c:/users/fly labs/desktop/imt tools/interfacing/imt_sdk_win_64/winavr/bin/../lib/gcc/avr/4.3.3/avr5\libgcc.a(_addsub_sf.o)
 .debug_line    0x000007fe      0x239 c:/users/fly labs/desktop/imt tools/interfacing/imt_sdk_win_64/winavr/bin/../lib/gcc/avr/4.3.3/avr5\libgcc.a(_mul_sf.o)
 .debug_line    0x00000a37       0xd3 c:/users/fly labs/desktop/imt tools/interfacing/imt_sdk_win_64/winavr/bin/../lib/gcc/avr/4.3.3/avr5\libgcc.a(_gt_sf.o)
 .debug_line    0x00000b0a       0xd3 c:/users/fly labs/desktop/imt tools/interfacing/imt_sdk_win_64/winavr/bin/../lib/gcc/avr/4.3.3/avr5\libgcc.a(_ge_sf.o)
 .debug_line    0x00000bdd       0xd3 c:/users/fly labs/desktop/imt tools/interfacing/imt_sdk_win_64/winavr/bin/../lib/gcc/avr/4.3.3/avr5\libgcc.a(_lt_sf.o)
 .debug_line    0x00000cb0      0x109 c:/users/fly labs/desktop/imt tools/interfacing/imt_sdk_win_64/winavr/bin/../lib/gcc/avr/4.3.3/avr5\libgcc.a(_sf_to_si.o)
 .debug_line    0x00000db9       0x90 c:/users/fly labs/desktop/imt tools/interfacing/imt_sdk_win_64/winavr/bin/../lib/gcc/avr/4.3.3/avr5\libgcc.a(_thenan_sf.o)
 .debug_line    0x00000e49       0x7c c:/users/fly labs/desktop/imt tools/interfacing/imt_sdk_win_64/winavr/bin/../lib/gcc/avr/4.3.3/avr5\libgcc.a(_clz.o)
 .debug_line    0x00000ec5      0x18a c:/users/fly labs/desktop/imt tools/interfacing/imt_sdk_win_64/winavr/bin/../lib/gcc/avr/4.3.3/avr5\libgcc.a(_pack_sf.o)
 .debug_line    0x0000104f      0x14b c:/users/fly labs/desktop/imt tools/interfacing/imt_sdk_win_64/winavr/bin/../lib/gcc/avr/4.3.3/avr5\libgcc.a(_unpack_sf.o)
 .debug_line    0x0000119a      0x137 c:/users/fly labs/desktop/imt tools/interfacing/imt_sdk_win_64/winavr/bin/../lib/gcc/avr/4.3.3/avr5\libgcc.a(_fpcmp_parts_sf.o)

.debug_frame    0x00000000      0x1a0
 *(.debug_frame)
 .debug_frame   0x00000000       0x20 c:/users/fly labs/desktop/imt tools/interfacing/imt_sdk_win_64/winavr/bin/../lib/gcc/avr/4.3.3/avr5\libgcc.a(_fixunssfsi.o)
 .debug_frame   0x00000020       0x20 c:/users/fly labs/desktop/imt tools/interfacing/imt_sdk_win_64/winavr/bin/../lib/gcc/avr/4.3.3/avr5\libgcc.a(_divdi3.o)
 .debug_frame   0x00000040       0x20 c:/users/fly labs/desktop/imt tools/interfacing/imt_sdk_win_64/winavr/bin/../lib/gcc/avr/4.3.3/avr5\libgcc.a(_moddi3.o)
 .debug_frame   0x00000060       0x40 c:/users/fly labs/desktop/imt tools/interfacing/imt_sdk_win_64/winavr/bin/../lib/gcc/avr/4.3.3/avr5\libgcc.a(_addsub_sf.o)
 .debug_frame   0x000000a0       0x20 c:/users/fly labs/desktop/imt tools/interfacing/imt_sdk_win_64/winavr/bin/../lib/gcc/avr/4.3.3/avr5\libgcc.a(_mul_sf.o)
 .debug_frame   0x000000c0       0x20 c:/users/fly labs/desktop/imt tools/interfacing/imt_sdk_win_64/winavr/bin/../lib/gcc/avr/4.3.3/avr5\libgcc.a(_gt_sf.o)
 .debug_frame   0x000000e0       0x20 c:/users/fly labs/desktop/imt tools/interfacing/imt_sdk_win_64/winavr/bin/../lib/gcc/avr/4.3.3/avr5\libgcc.a(_ge_sf.o)
 .debug_frame   0x00000100       0x20 c:/users/fly labs/desktop/imt tools/interfacing/imt_sdk_win_64/winavr/bin/../lib/gcc/avr/4.3.3/avr5\libgcc.a(_lt_sf.o)
 .debug_frame   0x00000120       0x20 c:/users/fly labs/desktop/imt tools/interfacing/imt_sdk_win_64/winavr/bin/../lib/gcc/avr/4.3.3/avr5\libgcc.a(_sf_to_si.o)
 .debug_frame   0x00000140       0x20 c:/users/fly labs/desktop/imt tools/interfacing/imt_sdk_win_64/winavr/bin/../lib/gcc/avr/4.3.3/avr5\libgcc.a(_pack_sf.o)
 .debug_frame   0x00000160       0x20 c:/users/fly labs/desktop/imt tools/interfacing/imt_sdk_win_64/winavr/bin/../lib/gcc/avr/4.3.3/avr5\libgcc.a(_unpack_sf.o)
 .debug_frame   0x00000180       0x20 c:/users/fly labs/desktop/imt tools/interfacing/imt_sdk_win_64/winavr/bin/../lib/gcc/avr/4.3.3/avr5\libgcc.a(_fpcmp_parts_sf.o)

.debug_str      0x00000000      0x31b
 *(.debug_str)
 .debug_str     0x00000000       0xbf c:/users/fly labs/desktop/imt tools/interfacing/imt_sdk_win_64/winavr/bin/../lib/gcc/avr/4.3.3/avr5\libgcc.a(_fixunssfsi.o)
                                 0xfe (size before relaxing)
 .debug_str     0x000000bf       0x8c c:/users/fly labs/desktop/imt tools/interfacing/imt_sdk_win_64/winavr/bin/../lib/gcc/avr/4.3.3/avr5\libgcc.a(_divdi3.o)
                                0x189 (size before relaxing)
 .debug_str     0x0000014b        0x9 c:/users/fly labs/desktop/imt tools/interfacing/imt_sdk_win_64/winavr/bin/../lib/gcc/avr/4.3.3/avr5\libgcc.a(_moddi3.o)
                                0x189 (size before relaxing)
 .debug_str     0x00000154      0x14d c:/users/fly labs/desktop/imt tools/interfacing/imt_sdk_win_64/winavr/bin/../lib/gcc/avr/4.3.3/avr5\libgcc.a(_addsub_sf.o)
                                0x206 (size before relaxing)
 .debug_str     0x000002a1       0x27 c:/users/fly labs/desktop/imt tools/interfacing/imt_sdk_win_64/winavr/bin/../lib/gcc/avr/4.3.3/avr5\libgcc.a(_mul_sf.o)
                                0x1bf (size before relaxing)
 .debug_str     0x000002c8        0x8 c:/users/fly labs/desktop/imt tools/interfacing/imt_sdk_win_64/winavr/bin/../lib/gcc/avr/4.3.3/avr5\libgcc.a(_gt_sf.o)
                                0x195 (size before relaxing)
 .debug_str     0x000002d0        0x8 c:/users/fly labs/desktop/imt tools/interfacing/imt_sdk_win_64/winavr/bin/../lib/gcc/avr/4.3.3/avr5\libgcc.a(_ge_sf.o)
                                0x195 (size before relaxing)
 .debug_str     0x000002d8        0x8 c:/users/fly labs/desktop/imt tools/interfacing/imt_sdk_win_64/winavr/bin/../lib/gcc/avr/4.3.3/avr5\libgcc.a(_lt_sf.o)
                                0x195 (size before relaxing)
 .debug_str     0x000002e0        0xa c:/users/fly labs/desktop/imt tools/interfacing/imt_sdk_win_64/winavr/bin/../lib/gcc/avr/4.3.3/avr5\libgcc.a(_sf_to_si.o)
                                0x19e (size before relaxing)
 .debug_str     0x00000000      0x103 c:/users/fly labs/desktop/imt tools/interfacing/imt_sdk_win_64/winavr/bin/../lib/gcc/avr/4.3.3/avr5\libgcc.a(_thenan_sf.o)
 .debug_str     0x00000000       0xf4 c:/users/fly labs/desktop/imt tools/interfacing/imt_sdk_win_64/winavr/bin/../lib/gcc/avr/4.3.3/avr5\libgcc.a(_clz.o)
 .debug_str     0x000002ea       0x16 c:/users/fly labs/desktop/imt tools/interfacing/imt_sdk_win_64/winavr/bin/../lib/gcc/avr/4.3.3/avr5\libgcc.a(_pack_sf.o)
                                0x19d (size before relaxing)
 .debug_str     0x00000300        0xb c:/users/fly labs/desktop/imt tools/interfacing/imt_sdk_win_64/winavr/bin/../lib/gcc/avr/4.3.3/avr5\libgcc.a(_unpack_sf.o)
                                0x17f (size before relaxing)
 .debug_str     0x0000030b       0x10 c:/users/fly labs/desktop/imt tools/interfacing/imt_sdk_win_64/winavr/bin/../lib/gcc/avr/4.3.3/avr5\libgcc.a(_fpcmp_parts_sf.o)
                                0x163 (size before relaxing)

.debug_loc      0x00000000     0x21c0
 *(.debug_loc)
 .debug_loc     0x00000000       0x34 c:/users/fly labs/desktop/imt tools/interfacing/imt_sdk_win_64/winavr/bin/../lib/gcc/avr/4.3.3/avr5\libgcc.a(_fixunssfsi.o)
 .debug_loc     0x00000034      0xe71 c:/users/fly labs/desktop/imt tools/interfacing/imt_sdk_win_64/winavr/bin/../lib/gcc/avr/4.3.3/avr5\libgcc.a(_divdi3.o)
 .debug_loc     0x00000ea5      0xb81 c:/users/fly labs/desktop/imt tools/interfacing/imt_sdk_win_64/winavr/bin/../lib/gcc/avr/4.3.3/avr5\libgcc.a(_moddi3.o)
 .debug_loc     0x00001a26      0x32a c:/users/fly labs/desktop/imt tools/interfacing/imt_sdk_win_64/winavr/bin/../lib/gcc/avr/4.3.3/avr5\libgcc.a(_addsub_sf.o)
 .debug_loc     0x00001d50      0x104 c:/users/fly labs/desktop/imt tools/interfacing/imt_sdk_win_64/winavr/bin/../lib/gcc/avr/4.3.3/avr5\libgcc.a(_mul_sf.o)
 .debug_loc     0x00001e54       0x3c c:/users/fly labs/desktop/imt tools/interfacing/imt_sdk_win_64/winavr/bin/../lib/gcc/avr/4.3.3/avr5\libgcc.a(_gt_sf.o)
 .debug_loc     0x00001e90       0x3c c:/users/fly labs/desktop/imt tools/interfacing/imt_sdk_win_64/winavr/bin/../lib/gcc/avr/4.3.3/avr5\libgcc.a(_ge_sf.o)
 .debug_loc     0x00001ecc       0x3c c:/users/fly labs/desktop/imt tools/interfacing/imt_sdk_win_64/winavr/bin/../lib/gcc/avr/4.3.3/avr5\libgcc.a(_lt_sf.o)
 .debug_loc     0x00001f08       0x7e c:/users/fly labs/desktop/imt tools/interfacing/imt_sdk_win_64/winavr/bin/../lib/gcc/avr/4.3.3/avr5\libgcc.a(_sf_to_si.o)
 .debug_loc     0x00001f86      0x13e c:/users/fly labs/desktop/imt tools/interfacing/imt_sdk_win_64/winavr/bin/../lib/gcc/avr/4.3.3/avr5\libgcc.a(_pack_sf.o)
 .debug_loc     0x000020c4       0xac c:/users/fly labs/desktop/imt tools/interfacing/imt_sdk_win_64/winavr/bin/../lib/gcc/avr/4.3.3/avr5\libgcc.a(_unpack_sf.o)
 .debug_loc     0x00002170       0x50 c:/users/fly labs/desktop/imt tools/interfacing/imt_sdk_win_64/winavr/bin/../lib/gcc/avr/4.3.3/avr5\libgcc.a(_fpcmp_parts_sf.o)

.debug_macinfo
 *(.debug_macinfo)
OUTPUT(CALLLLLAC_MUL.elf elf32-avr)
LOAD linker stubs

.debug_ranges   0x00000000       0x80
 .debug_ranges  0x00000000       0x18 c:/users/fly labs/desktop/imt tools/interfacing/imt_sdk_win_64/winavr/bin/../lib/gcc/avr/4.3.3/avr5\libgcc.a(_divdi3.o)
 .debug_ranges  0x00000018       0x18 c:/users/fly labs/desktop/imt tools/interfacing/imt_sdk_win_64/winavr/bin/../lib/gcc/avr/4.3.3/avr5\libgcc.a(_moddi3.o)
 .debug_ranges  0x00000030       0x50 c:/users/fly labs/desktop/imt tools/interfacing/imt_sdk_win_64/winavr/bin/../lib/gcc/avr/4.3.3/avr5\libgcc.a(_mul_sf.o)
