Archive member included because of file (symbol)

c:/users/fly labs/desktop/imt tools/interfacing/imt_sdk_win_64/winavr/bin/../lib/gcc/avr/4.3.3/avr5\libgcc.a(_mulsi3.o)
                              ./Components/keypad.o (__mulsi3)
c:/users/fly labs/desktop/imt tools/interfacing/imt_sdk_win_64/winavr/bin/../lib/gcc/avr/4.3.3/avr5\libgcc.a(_exit.o)
                              c:/users/fly labs/desktop/imt tools/interfacing/imt_sdk_win_64/winavr/bin/../lib/gcc/avr/4.3.3/../../../../avr/lib/avr5/crtm32.o (exit)
c:/users/fly labs/desktop/imt tools/interfacing/imt_sdk_win_64/winavr/bin/../lib/gcc/avr/4.3.3/avr5\libgcc.a(_copy_data.o)
                              ./Calculator.o (__do_copy_data)
c:/users/fly labs/desktop/imt tools/interfacing/imt_sdk_win_64/winavr/bin/../lib/gcc/avr/4.3.3/avr5\libgcc.a(_clear_bss.o)
                              ./calculator_blocks.o (__do_clear_bss)
c:/users/fly labs/desktop/imt tools/interfacing/imt_sdk_win_64/winavr/bin/../lib/gcc/avr/4.3.3/avr5\libgcc.a(_muldi3.o)
                              ./calculator_blocks.o (__muldi3)
c:/users/fly labs/desktop/imt tools/interfacing/imt_sdk_win_64/winavr/bin/../lib/gcc/avr/4.3.3/avr5\libgcc.a(_fixunssfsi.o)
                              ./Components/keypad.o (__fixunssfsi)
c:/users/fly labs/desktop/imt tools/interfacing/imt_sdk_win_64/winavr/bin/../lib/gcc/avr/4.3.3/avr5\libgcc.a(_divdi3.o)
                              ./Components/lcd.o (__divdi3)
c:/users/fly labs/desktop/imt tools/interfacing/imt_sdk_win_64/winavr/bin/../lib/gcc/avr/4.3.3/avr5\libgcc.a(_moddi3.o)
                              ./Components/lcd.o (__moddi3)
c:/users/fly labs/desktop/imt tools/interfacing/imt_sdk_win_64/winavr/bin/../lib/gcc/avr/4.3.3/avr5\libgcc.a(_addsub_sf.o)
                              c:/users/fly labs/desktop/imt tools/interfacing/imt_sdk_win_64/winavr/bin/../lib/gcc/avr/4.3.3/avr5\libgcc.a(_fixunssfsi.o) (__subsf3)
c:/users/fly labs/desktop/imt tools/interfacing/imt_sdk_win_64/winavr/bin/../lib/gcc/avr/4.3.3/avr5\libgcc.a(_mul_sf.o)
                              ./Components/keypad.o (__mulsf3)
c:/users/fly labs/desktop/imt tools/interfacing/imt_sdk_win_64/winavr/bin/../lib/gcc/avr/4.3.3/avr5\libgcc.a(_gt_sf.o)
                              ./Components/keypad.o (__gtsf2)
c:/users/fly labs/desktop/imt tools/interfacing/imt_sdk_win_64/winavr/bin/../lib/gcc/avr/4.3.3/avr5\libgcc.a(_ge_sf.o)
                              c:/users/fly labs/desktop/imt tools/interfacing/imt_sdk_win_64/winavr/bin/../lib/gcc/avr/4.3.3/avr5\libgcc.a(_fixunssfsi.o) (__gesf2)
c:/users/fly labs/desktop/imt tools/interfacing/imt_sdk_win_64/winavr/bin/../lib/gcc/avr/4.3.3/avr5\libgcc.a(_lt_sf.o)
                              ./Components/keypad.o (__ltsf2)
c:/users/fly labs/desktop/imt tools/interfacing/imt_sdk_win_64/winavr/bin/../lib/gcc/avr/4.3.3/avr5\libgcc.a(_sf_to_si.o)
                              c:/users/fly labs/desktop/imt tools/interfacing/imt_sdk_win_64/winavr/bin/../lib/gcc/avr/4.3.3/avr5\libgcc.a(_fixunssfsi.o) (__fixsfsi)
c:/users/fly labs/desktop/imt tools/interfacing/imt_sdk_win_64/winavr/bin/../lib/gcc/avr/4.3.3/avr5\libgcc.a(_thenan_sf.o)
                              c:/users/fly labs/desktop/imt tools/interfacing/imt_sdk_win_64/winavr/bin/../lib/gcc/avr/4.3.3/avr5\libgcc.a(_addsub_sf.o) (__thenan_sf)
c:/users/fly labs/desktop/imt tools/interfacing/imt_sdk_win_64/winavr/bin/../lib/gcc/avr/4.3.3/avr5\libgcc.a(_udivmodsi4.o)
                              c:/users/fly labs/desktop/imt tools/interfacing/imt_sdk_win_64/winavr/bin/../lib/gcc/avr/4.3.3/avr5\libgcc.a(_divdi3.o) (__udivmodsi4)
c:/users/fly labs/desktop/imt tools/interfacing/imt_sdk_win_64/winavr/bin/../lib/gcc/avr/4.3.3/avr5\libgcc.a(_prologue.o)
                              c:/users/fly labs/desktop/imt tools/interfacing/imt_sdk_win_64/winavr/bin/../lib/gcc/avr/4.3.3/avr5\libgcc.a(_muldi3.o) (__prologue_saves__)
c:/users/fly labs/desktop/imt tools/interfacing/imt_sdk_win_64/winavr/bin/../lib/gcc/avr/4.3.3/avr5\libgcc.a(_epilogue.o)
                              c:/users/fly labs/desktop/imt tools/interfacing/imt_sdk_win_64/winavr/bin/../lib/gcc/avr/4.3.3/avr5\libgcc.a(_muldi3.o) (__epilogue_restores__)
c:/users/fly labs/desktop/imt tools/interfacing/imt_sdk_win_64/winavr/bin/../lib/gcc/avr/4.3.3/avr5\libgcc.a(_clz.o)
                              c:/users/fly labs/desktop/imt tools/interfacing/imt_sdk_win_64/winavr/bin/../lib/gcc/avr/4.3.3/avr5\libgcc.a(_divdi3.o) (__clz_tab)
c:/users/fly labs/desktop/imt tools/interfacing/imt_sdk_win_64/winavr/bin/../lib/gcc/avr/4.3.3/avr5\libgcc.a(_pack_sf.o)
                              c:/users/fly labs/desktop/imt tools/interfacing/imt_sdk_win_64/winavr/bin/../lib/gcc/avr/4.3.3/avr5\libgcc.a(_addsub_sf.o) (__pack_f)
c:/users/fly labs/desktop/imt tools/interfacing/imt_sdk_win_64/winavr/bin/../lib/gcc/avr/4.3.3/avr5\libgcc.a(_unpack_sf.o)
                              c:/users/fly labs/desktop/imt tools/interfacing/imt_sdk_win_64/winavr/bin/../lib/gcc/avr/4.3.3/avr5\libgcc.a(_addsub_sf.o) (__unpack_f)
c:/users/fly labs/desktop/imt tools/interfacing/imt_sdk_win_64/winavr/bin/../lib/gcc/avr/4.3.3/avr5\libgcc.a(_fpcmp_parts_sf.o)
                              c:/users/fly labs/desktop/imt tools/interfacing/imt_sdk_win_64/winavr/bin/../lib/gcc/avr/4.3.3/avr5\libgcc.a(_gt_sf.o) (__fpcmp_parts_f)
c:/users/fly labs/desktop/imt tools/interfacing/imt_sdk_win_64/winavr/bin/../lib/gcc/avr/4.3.3/../../../../avr/lib/avr5\libc.a(strrev.o)
                              ./Components/lcd.o (strrev)

Allocating common symbols
Common symbol       size              file

Operands            0x60              ./calculator_blocks.o
Digits              0x10              ./calculator_blocks.o
Operations          0xb               ./calculator_blocks.o

Memory Configuration

Name             Origin             Length             Attributes
text             0x00000000         0x00020000         xr
data             0x00800060         0x0000ffa0         rw !x
eeprom           0x00810000         0x00010000         rw !x
fuse             0x00820000         0x00000400         rw !x
lock             0x00830000         0x00000400         rw !x
signature        0x00840000         0x00000400         rw !x
*default*        0x00000000         0xffffffff

Linker script and memory map

LOAD c:/users/fly labs/desktop/imt tools/interfacing/imt_sdk_win_64/winavr/bin/../lib/gcc/avr/4.3.3/../../../../avr/lib/avr5/crtm32.o
LOAD ./Components/keypad.o
LOAD ./Components/lcd.o
LOAD ./Calculator.o
LOAD ./calculator_blocks.o
LOAD c:/users/fly labs/desktop/imt tools/interfacing/imt_sdk_win_64/winavr/bin/../lib/gcc/avr/4.3.3/avr5\libgcc.a
LOAD c:/users/fly labs/desktop/imt tools/interfacing/imt_sdk_win_64/winavr/bin/../lib/gcc/avr/4.3.3/../../../../avr/lib/avr5\libc.a
LOAD c:/users/fly labs/desktop/imt tools/interfacing/imt_sdk_win_64/winavr/bin/../lib/gcc/avr/4.3.3/avr5\libgcc.a

.hash
 *(.hash)

.dynsym
 *(.dynsym)

.dynstr
 *(.dynstr)

.gnu.version
 *(.gnu.version)

.gnu.version_d
 *(.gnu.version_d)

.gnu.version_r
 *(.gnu.version_r)

.rel.init
 *(.rel.init)

.rela.init
 *(.rela.init)

.rel.text
 *(.rel.text)
 *(.rel.text.*)
 *(.rel.gnu.linkonce.t*)

.rela.text
 *(.rela.text)
 *(.rela.text.*)
 *(.rela.gnu.linkonce.t*)

.rel.fini
 *(.rel.fini)

.rela.fini
 *(.rela.fini)

.rel.rodata
 *(.rel.rodata)
 *(.rel.rodata.*)
 *(.rel.gnu.linkonce.r*)

.rela.rodata
 *(.rela.rodata)
 *(.rela.rodata.*)
 *(.rela.gnu.linkonce.r*)

.rel.data
 *(.rel.data)
 *(.rel.data.*)
 *(.rel.gnu.linkonce.d*)

.rela.data
 *(.rela.data)
 *(.rela.data.*)
 *(.rela.gnu.linkonce.d*)

.rel.ctors
 *(.rel.ctors)

.rela.ctors
 *(.rela.ctors)

.rel.dtors
 *(.rel.dtors)

.rela.dtors
 *(.rela.dtors)

.rel.got
 *(.rel.got)

.rela.got
 *(.rela.got)

.rel.bss
 *(.rel.bss)

.rela.bss
 *(.rela.bss)

.rel.plt
 *(.rel.plt)

.rela.plt
 *(.rela.plt)

.text           0x00000000     0xb326
 *(.vectors)
 .vectors       0x00000000       0x54 c:/users/fly labs/desktop/imt tools/interfacing/imt_sdk_win_64/winavr/bin/../lib/gcc/avr/4.3.3/../../../../avr/lib/avr5/crtm32.o
                0x00000000                __vectors
                0x00000000                __vector_default
 *(.vectors)
 *(.progmem.gcc*)
 *(.progmem*)
                0x00000054                . = ALIGN (0x2)
                0x00000054                __trampolines_start = .
 *(.trampolines)
 .trampolines   0x00000054        0x0 linker stubs
 *(.trampolines*)
                0x00000054                __trampolines_end = .
 *(.jumptables)
 *(.jumptables*)
 *(.lowtext)
 *(.lowtext*)
                0x00000054                __ctors_start = .
 *(.ctors)
                0x00000054                __ctors_end = .
                0x00000054                __dtors_start = .
 *(.dtors)
                0x00000054                __dtors_end = .
 SORT(*)(.ctors)
 SORT(*)(.dtors)
 *(.init0)
 .init0         0x00000054        0x0 c:/users/fly labs/desktop/imt tools/interfacing/imt_sdk_win_64/winavr/bin/../lib/gcc/avr/4.3.3/../../../../avr/lib/avr5/crtm32.o
                0x00000054                __init
 *(.init0)
 *(.init1)
 *(.init1)
 *(.init2)
 .init2         0x00000054        0xc c:/users/fly labs/desktop/imt tools/interfacing/imt_sdk_win_64/winavr/bin/../lib/gcc/avr/4.3.3/../../../../avr/lib/avr5/crtm32.o
 *(.init2)
 *(.init3)
 *(.init3)
 *(.init4)
 .init4         0x00000060       0x16 c:/users/fly labs/desktop/imt tools/interfacing/imt_sdk_win_64/winavr/bin/../lib/gcc/avr/4.3.3/avr5\libgcc.a(_copy_data.o)
                0x00000060                __do_copy_data
 .init4         0x00000076       0x10 c:/users/fly labs/desktop/imt tools/interfacing/imt_sdk_win_64/winavr/bin/../lib/gcc/avr/4.3.3/avr5\libgcc.a(_clear_bss.o)
                0x00000076                __do_clear_bss
 *(.init4)
 *(.init5)
 *(.init5)
 *(.init6)
 *(.init6)
 *(.init7)
 *(.init7)
 *(.init8)
 *(.init8)
 *(.init9)
 .init9         0x00000086        0x8 c:/users/fly labs/desktop/imt tools/interfacing/imt_sdk_win_64/winavr/bin/../lib/gcc/avr/4.3.3/../../../../avr/lib/avr5/crtm32.o
 *(.init9)
 *(.text)
 .text          0x0000008e        0x4 c:/users/fly labs/desktop/imt tools/interfacing/imt_sdk_win_64/winavr/bin/../lib/gcc/avr/4.3.3/../../../../avr/lib/avr5/crtm32.o
                0x0000008e                __vector_1
                0x0000008e                __vector_12
                0x0000008e                __bad_interrupt
                0x0000008e                __vector_6
                0x0000008e                __vector_3
                0x0000008e                __vector_11
                0x0000008e                __vector_13
                0x0000008e                __vector_17
                0x0000008e                __vector_19
                0x0000008e                __vector_7
                0x0000008e                __vector_5
                0x0000008e                __vector_4
                0x0000008e                __vector_9
                0x0000008e                __vector_2
                0x0000008e                __vector_15
                0x0000008e                __vector_8
                0x0000008e                __vector_14
                0x0000008e                __vector_10
                0x0000008e                __vector_16
                0x0000008e                __vector_18
                0x0000008e                __vector_20
 .text          0x00000092        0x0 ./Components/keypad.o
 .text          0x00000092        0x0 ./Components/lcd.o
 .text          0x00000092        0x0 ./Calculator.o
 .text          0x00000092        0x0 ./calculator_blocks.o
 .text          0x00000092        0x0 c:/users/fly labs/desktop/imt tools/interfacing/imt_sdk_win_64/winavr/bin/../lib/gcc/avr/4.3.3/avr5\libgcc.a(_mulsi3.o)
 .text          0x00000092        0x0 c:/users/fly labs/desktop/imt tools/interfacing/imt_sdk_win_64/winavr/bin/../lib/gcc/avr/4.3.3/avr5\libgcc.a(_exit.o)
 .text          0x00000092        0x0 c:/users/fly labs/desktop/imt tools/interfacing/imt_sdk_win_64/winavr/bin/../lib/gcc/avr/4.3.3/avr5\libgcc.a(_copy_data.o)
 .text          0x00000092        0x0 c:/users/fly labs/desktop/imt tools/interfacing/imt_sdk_win_64/winavr/bin/../lib/gcc/avr/4.3.3/avr5\libgcc.a(_clear_bss.o)
 .text          0x00000092      0x1f6 c:/users/fly labs/desktop/imt tools/interfacing/imt_sdk_win_64/winavr/bin/../lib/gcc/avr/4.3.3/avr5\libgcc.a(_muldi3.o)
                0x00000092                __muldi3
 .text          0x00000288       0x58 c:/users/fly labs/desktop/imt tools/interfacing/imt_sdk_win_64/winavr/bin/../lib/gcc/avr/4.3.3/avr5\libgcc.a(_fixunssfsi.o)
                0x00000288                __fixunssfsi
 .text          0x000002e0     0x1050 c:/users/fly labs/desktop/imt tools/interfacing/imt_sdk_win_64/winavr/bin/../lib/gcc/avr/4.3.3/avr5\libgcc.a(_divdi3.o)
                0x000002e0                __divdi3
 .text          0x00001330     0x107a c:/users/fly labs/desktop/imt tools/interfacing/imt_sdk_win_64/winavr/bin/../lib/gcc/avr/4.3.3/avr5\libgcc.a(_moddi3.o)
                0x00001330                __moddi3
 .text          0x000023aa      0x354 c:/users/fly labs/desktop/imt tools/interfacing/imt_sdk_win_64/winavr/bin/../lib/gcc/avr/4.3.3/avr5\libgcc.a(_addsub_sf.o)
                0x00002642                __subsf3
                0x000026a4                __addsf3
 .text          0x000026fe      0x1f4 c:/users/fly labs/desktop/imt tools/interfacing/imt_sdk_win_64/winavr/bin/../lib/gcc/avr/4.3.3/avr5\libgcc.a(_mul_sf.o)
                0x000026fe                __mulsf3
 .text          0x000028f2       0x60 c:/users/fly labs/desktop/imt tools/interfacing/imt_sdk_win_64/winavr/bin/../lib/gcc/avr/4.3.3/avr5\libgcc.a(_gt_sf.o)
                0x000028f2                __gtsf2
 .text          0x00002952       0x60 c:/users/fly labs/desktop/imt tools/interfacing/imt_sdk_win_64/winavr/bin/../lib/gcc/avr/4.3.3/avr5\libgcc.a(_ge_sf.o)
                0x00002952                __gesf2
 .text          0x000029b2       0x60 c:/users/fly labs/desktop/imt tools/interfacing/imt_sdk_win_64/winavr/bin/../lib/gcc/avr/4.3.3/avr5\libgcc.a(_lt_sf.o)
                0x000029b2                __ltsf2
 .text          0x00002a12       0xa8 c:/users/fly labs/desktop/imt tools/interfacing/imt_sdk_win_64/winavr/bin/../lib/gcc/avr/4.3.3/avr5\libgcc.a(_sf_to_si.o)
                0x00002a12                __fixsfsi
 .text          0x00002aba        0x0 c:/users/fly labs/desktop/imt tools/interfacing/imt_sdk_win_64/winavr/bin/../lib/gcc/avr/4.3.3/avr5\libgcc.a(_thenan_sf.o)
 .text          0x00002aba        0x0 c:/users/fly labs/desktop/imt tools/interfacing/imt_sdk_win_64/winavr/bin/../lib/gcc/avr/4.3.3/avr5\libgcc.a(_udivmodsi4.o)
 .text          0x00002aba        0x0 c:/users/fly labs/desktop/imt tools/interfacing/imt_sdk_win_64/winavr/bin/../lib/gcc/avr/4.3.3/avr5\libgcc.a(_prologue.o)
 .text          0x00002aba        0x0 c:/users/fly labs/desktop/imt tools/interfacing/imt_sdk_win_64/winavr/bin/../lib/gcc/avr/4.3.3/avr5\libgcc.a(_epilogue.o)
 .text          0x00002aba        0x0 c:/users/fly labs/desktop/imt tools/interfacing/imt_sdk_win_64/winavr/bin/../lib/gcc/avr/4.3.3/avr5\libgcc.a(_clz.o)
 .text          0x00002aba      0x1aa c:/users/fly labs/desktop/imt tools/interfacing/imt_sdk_win_64/winavr/bin/../lib/gcc/avr/4.3.3/avr5\libgcc.a(_pack_sf.o)
                0x00002aba                __pack_f
 .text          0x00002c64       0xf0 c:/users/fly labs/desktop/imt tools/interfacing/imt_sdk_win_64/winavr/bin/../lib/gcc/avr/4.3.3/avr5\libgcc.a(_unpack_sf.o)
                0x00002c64                __unpack_f
 .text          0x00002d54       0xb2 c:/users/fly labs/desktop/imt tools/interfacing/imt_sdk_win_64/winavr/bin/../lib/gcc/avr/4.3.3/avr5\libgcc.a(_fpcmp_parts_sf.o)
                0x00002d54                __fpcmp_parts_f
 .text          0x00002e06        0x0 c:/users/fly labs/desktop/imt tools/interfacing/imt_sdk_win_64/winavr/bin/../lib/gcc/avr/4.3.3/../../../../avr/lib/avr5\libc.a(strrev.o)
                0x00002e06                . = ALIGN (0x2)
 *(.text.*)
 .text.KeyPad_getPressedKey
                0x00002e06       0xb0 ./Components/keypad.o
                0x00002e06                KeyPad_getPressedKey
 .text.KeyPad_4x4_adjustKeyNumber
                0x00002eb6      0x14c ./Components/keypad.o
                0x00002eb6                KeyPad_4x4_adjustKeyNumber
 .text.powerOf  0x00003002       0xb8 ./Components/keypad.o
                0x00003002                powerOf
 .text.KeyPad_getSeriesOfPressedNumbers
                0x000030ba      0x22c ./Components/keypad.o
                0x000030ba                KeyPad_getSeriesOfPressedNumbers
 .text.LCD_init
                0x000032e6       0x36 ./Components/lcd.o
                0x000032e6                LCD_init
 .text.LCD_sendCommand
                0x0000331c      0x3f8 ./Components/lcd.o
                0x0000331c                LCD_sendCommand
 .text.LCD_displayCharacter
                0x00003714      0x3f8 ./Components/lcd.o
                0x00003714                LCD_displayCharacter
 .text.LCD_displayString
                0x00003b0c       0x52 ./Components/lcd.o
                0x00003b0c                LCD_displayString
 .text.LCD_goToRowColumn
                0x00003b5e       0x84 ./Components/lcd.o
                0x00003b5e                LCD_goToRowColumn
 .text.LCD_displayStringRowColumn
                0x00003be2       0x32 ./Components/lcd.o
                0x00003be2                LCD_displayStringRowColumn
 .text.LCD_clearScreen
                0x00003c14       0x14 ./Components/lcd.o
                0x00003c14                LCD_clearScreen
 .text.Signed_Int64_ToASCI
                0x00003c28      0x482 ./Components/lcd.o
 .text.LCD_Signed_Int64_ToString
                0x000040aa       0xa6 ./Components/lcd.o
                0x000040aa                LCD_Signed_Int64_ToString
 .text.InitPeripherals
                0x00004150       0x16 ./Calculator.o
                0x00004150                InitPeripherals
 .text.InitPorts
                0x00004166        0xe ./Calculator.o
                0x00004166                InitPorts
 .text.main     0x00004174       0x54 ./Calculator.o
                0x00004174                main
 .text.ResetData
                0x000041c8       0xb4 ./calculator_blocks.o
                0x000041c8                ResetData
 .text.SynchronousDisplay
                0x0000427c       0x66 ./calculator_blocks.o
                0x0000427c                SynchronousDisplay
 .text.GetData  0x000042e2      0x15e ./calculator_blocks.o
                0x000042e2                GetData
 .text.ConvertToInt64
                0x00004440      0x6a4 ./calculator_blocks.o
                0x00004440                ConvertToInt64
 .text.DisplayResult
                0x00004ae4       0x78 ./calculator_blocks.o
                0x00004ae4                DisplayResult
 .text.ThrowException
                0x00004b5c       0x36 ./calculator_blocks.o
                0x00004b5c                ThrowException
 .text.Analyze  0x00004b92      0x2e2 ./calculator_blocks.o
                0x00004b92                Analyze
 .text.Calculate
                0x00004e74     0x639e ./calculator_blocks.o
                0x00004e74                Calculate
 .text.libgcc   0x0000b212       0x3e c:/users/fly labs/desktop/imt tools/interfacing/imt_sdk_win_64/winavr/bin/../lib/gcc/avr/4.3.3/avr5\libgcc.a(_mulsi3.o)
                0x0000b212                __mulsi3
 .text.libgcc   0x0000b250        0x0 c:/users/fly labs/desktop/imt tools/interfacing/imt_sdk_win_64/winavr/bin/../lib/gcc/avr/4.3.3/avr5\libgcc.a(_exit.o)
 .text.libgcc   0x0000b250        0x0 c:/users/fly labs/desktop/imt tools/interfacing/imt_sdk_win_64/winavr/bin/../lib/gcc/avr/4.3.3/avr5\libgcc.a(_copy_data.o)
 .text.libgcc   0x0000b250        0x0 c:/users/fly labs/desktop/imt tools/interfacing/imt_sdk_win_64/winavr/bin/../lib/gcc/avr/4.3.3/avr5\libgcc.a(_clear_bss.o)
 .text.libgcc   0x0000b250       0x44 c:/users/fly labs/desktop/imt tools/interfacing/imt_sdk_win_64/winavr/bin/../lib/gcc/avr/4.3.3/avr5\libgcc.a(_udivmodsi4.o)
                0x0000b250                __udivmodsi4
 .text.libgcc   0x0000b294       0x38 c:/users/fly labs/desktop/imt tools/interfacing/imt_sdk_win_64/winavr/bin/../lib/gcc/avr/4.3.3/avr5\libgcc.a(_prologue.o)
                0x0000b294                __prologue_saves__
 .text.libgcc   0x0000b2cc       0x36 c:/users/fly labs/desktop/imt tools/interfacing/imt_sdk_win_64/winavr/bin/../lib/gcc/avr/4.3.3/avr5\libgcc.a(_epilogue.o)
                0x0000b2cc                __epilogue_restores__
 .text.avr-libc
                0x0000b302       0x20 c:/users/fly labs/desktop/imt tools/interfacing/imt_sdk_win_64/winavr/bin/../lib/gcc/avr/4.3.3/../../../../avr/lib/avr5\libc.a(strrev.o)
                0x0000b302                strrev
                0x0000b322                . = ALIGN (0x2)
 *(.fini9)
 .fini9         0x0000b322        0x0 c:/users/fly labs/desktop/imt tools/interfacing/imt_sdk_win_64/winavr/bin/../lib/gcc/avr/4.3.3/avr5\libgcc.a(_exit.o)
                0x0000b322                exit
                0x0000b322                _exit
 *(.fini9)
 *(.fini8)
 *(.fini8)
 *(.fini7)
 *(.fini7)
 *(.fini6)
 *(.fini6)
 *(.fini5)
 *(.fini5)
 *(.fini4)
 *(.fini4)
 *(.fini3)
 *(.fini3)
 *(.fini2)
 *(.fini2)
 *(.fini1)
 *(.fini1)
 *(.fini0)
 .fini0         0x0000b322        0x4 c:/users/fly labs/desktop/imt tools/interfacing/imt_sdk_win_64/winavr/bin/../lib/gcc/avr/4.3.3/avr5\libgcc.a(_exit.o)
 *(.fini0)
                0x0000b326                _etext = .

.data           0x00800060      0x146 load address 0x0000b326
                0x00800060                PROVIDE (__data_start, .)
 *(.data)
 .data          0x00800060        0x0 c:/users/fly labs/desktop/imt tools/interfacing/imt_sdk_win_64/winavr/bin/../lib/gcc/avr/4.3.3/../../../../avr/lib/avr5/crtm32.o
 .data          0x00800060        0x0 ./Components/keypad.o
 .data          0x00800060        0x0 ./Components/lcd.o
 .data          0x00800060        0x0 ./Calculator.o
 .data          0x00800060       0x3c ./calculator_blocks.o
 .data          0x0080009c        0x0 c:/users/fly labs/desktop/imt tools/interfacing/imt_sdk_win_64/winavr/bin/../lib/gcc/avr/4.3.3/avr5\libgcc.a(_mulsi3.o)
 .data          0x0080009c        0x0 c:/users/fly labs/desktop/imt tools/interfacing/imt_sdk_win_64/winavr/bin/../lib/gcc/avr/4.3.3/avr5\libgcc.a(_exit.o)
 .data          0x0080009c        0x0 c:/users/fly labs/desktop/imt tools/interfacing/imt_sdk_win_64/winavr/bin/../lib/gcc/avr/4.3.3/avr5\libgcc.a(_copy_data.o)
 .data          0x0080009c        0x0 c:/users/fly labs/desktop/imt tools/interfacing/imt_sdk_win_64/winavr/bin/../lib/gcc/avr/4.3.3/avr5\libgcc.a(_clear_bss.o)
 .data          0x0080009c        0x0 c:/users/fly labs/desktop/imt tools/interfacing/imt_sdk_win_64/winavr/bin/../lib/gcc/avr/4.3.3/avr5\libgcc.a(_muldi3.o)
 .data          0x0080009c        0x0 c:/users/fly labs/desktop/imt tools/interfacing/imt_sdk_win_64/winavr/bin/../lib/gcc/avr/4.3.3/avr5\libgcc.a(_fixunssfsi.o)
 .data          0x0080009c        0x0 c:/users/fly labs/desktop/imt tools/interfacing/imt_sdk_win_64/winavr/bin/../lib/gcc/avr/4.3.3/avr5\libgcc.a(_divdi3.o)
 .data          0x0080009c        0x0 c:/users/fly labs/desktop/imt tools/interfacing/imt_sdk_win_64/winavr/bin/../lib/gcc/avr/4.3.3/avr5\libgcc.a(_moddi3.o)
 .data          0x0080009c        0x0 c:/users/fly labs/desktop/imt tools/interfacing/imt_sdk_win_64/winavr/bin/../lib/gcc/avr/4.3.3/avr5\libgcc.a(_addsub_sf.o)
 .data          0x0080009c        0x0 c:/users/fly labs/desktop/imt tools/interfacing/imt_sdk_win_64/winavr/bin/../lib/gcc/avr/4.3.3/avr5\libgcc.a(_mul_sf.o)
 .data          0x0080009c        0x0 c:/users/fly labs/desktop/imt tools/interfacing/imt_sdk_win_64/winavr/bin/../lib/gcc/avr/4.3.3/avr5\libgcc.a(_gt_sf.o)
 .data          0x0080009c        0x0 c:/users/fly labs/desktop/imt tools/interfacing/imt_sdk_win_64/winavr/bin/../lib/gcc/avr/4.3.3/avr5\libgcc.a(_ge_sf.o)
 .data          0x0080009c        0x0 c:/users/fly labs/desktop/imt tools/interfacing/imt_sdk_win_64/winavr/bin/../lib/gcc/avr/4.3.3/avr5\libgcc.a(_lt_sf.o)
 .data          0x0080009c        0x0 c:/users/fly labs/desktop/imt tools/interfacing/imt_sdk_win_64/winavr/bin/../lib/gcc/avr/4.3.3/avr5\libgcc.a(_sf_to_si.o)
 .data          0x0080009c        0x8 c:/users/fly labs/desktop/imt tools/interfacing/imt_sdk_win_64/winavr/bin/../lib/gcc/avr/4.3.3/avr5\libgcc.a(_thenan_sf.o)
                0x0080009c                __thenan_sf
 .data          0x008000a4        0x0 c:/users/fly labs/desktop/imt tools/interfacing/imt_sdk_win_64/winavr/bin/../lib/gcc/avr/4.3.3/avr5\libgcc.a(_udivmodsi4.o)
 .data          0x008000a4        0x0 c:/users/fly labs/desktop/imt tools/interfacing/imt_sdk_win_64/winavr/bin/../lib/gcc/avr/4.3.3/avr5\libgcc.a(_prologue.o)
 .data          0x008000a4        0x0 c:/users/fly labs/desktop/imt tools/interfacing/imt_sdk_win_64/winavr/bin/../lib/gcc/avr/4.3.3/avr5\libgcc.a(_epilogue.o)
 .data          0x008000a4      0x100 c:/users/fly labs/desktop/imt tools/interfacing/imt_sdk_win_64/winavr/bin/../lib/gcc/avr/4.3.3/avr5\libgcc.a(_clz.o)
                0x008000a4                __clz_tab
 .data          0x008001a4        0x0 c:/users/fly labs/desktop/imt tools/interfacing/imt_sdk_win_64/winavr/bin/../lib/gcc/avr/4.3.3/avr5\libgcc.a(_pack_sf.o)
 .data          0x008001a4        0x0 c:/users/fly labs/desktop/imt tools/interfacing/imt_sdk_win_64/winavr/bin/../lib/gcc/avr/4.3.3/avr5\libgcc.a(_unpack_sf.o)
 .data          0x008001a4        0x0 c:/users/fly labs/desktop/imt tools/interfacing/imt_sdk_win_64/winavr/bin/../lib/gcc/avr/4.3.3/avr5\libgcc.a(_fpcmp_parts_sf.o)
 .data          0x008001a4        0x0 c:/users/fly labs/desktop/imt tools/interfacing/imt_sdk_win_64/winavr/bin/../lib/gcc/avr/4.3.3/../../../../avr/lib/avr5\libc.a(strrev.o)
 *(.data*)
 .data.Flag     0x008001a4        0x1 ./Calculator.o
                0x008001a4                Flag
 *(.rodata)
 *(.rodata*)
 *(.gnu.linkonce.d*)
                0x008001a6                . = ALIGN (0x2)
 *fill*         0x008001a5        0x1 00
                0x008001a6                _edata = .
                0x008001a6                PROVIDE (__data_end, .)

.bss            0x008001a6       0x89
                0x008001a6                PROVIDE (__bss_start, .)
 *(.bss)
 .bss           0x008001a6        0x0 c:/users/fly labs/desktop/imt tools/interfacing/imt_sdk_win_64/winavr/bin/../lib/gcc/avr/4.3.3/../../../../avr/lib/avr5/crtm32.o
 .bss           0x008001a6        0x0 ./Components/keypad.o
 .bss           0x008001a6        0x0 ./Components/lcd.o
 .bss           0x008001a6        0x0 ./Calculator.o
 .bss           0x008001a6        0x0 ./calculator_blocks.o
 .bss           0x008001a6        0x0 c:/users/fly labs/desktop/imt tools/interfacing/imt_sdk_win_64/winavr/bin/../lib/gcc/avr/4.3.3/avr5\libgcc.a(_mulsi3.o)
 .bss           0x008001a6        0x0 c:/users/fly labs/desktop/imt tools/interfacing/imt_sdk_win_64/winavr/bin/../lib/gcc/avr/4.3.3/avr5\libgcc.a(_exit.o)
 .bss           0x008001a6        0x0 c:/users/fly labs/desktop/imt tools/interfacing/imt_sdk_win_64/winavr/bin/../lib/gcc/avr/4.3.3/avr5\libgcc.a(_copy_data.o)
 .bss           0x008001a6        0x0 c:/users/fly labs/desktop/imt tools/interfacing/imt_sdk_win_64/winavr/bin/../lib/gcc/avr/4.3.3/avr5\libgcc.a(_clear_bss.o)
 .bss           0x008001a6        0x0 c:/users/fly labs/desktop/imt tools/interfacing/imt_sdk_win_64/winavr/bin/../lib/gcc/avr/4.3.3/avr5\libgcc.a(_muldi3.o)
 .bss           0x008001a6        0x0 c:/users/fly labs/desktop/imt tools/interfacing/imt_sdk_win_64/winavr/bin/../lib/gcc/avr/4.3.3/avr5\libgcc.a(_fixunssfsi.o)
 .bss           0x008001a6        0x0 c:/users/fly labs/desktop/imt tools/interfacing/imt_sdk_win_64/winavr/bin/../lib/gcc/avr/4.3.3/avr5\libgcc.a(_divdi3.o)
 .bss           0x008001a6        0x0 c:/users/fly labs/desktop/imt tools/interfacing/imt_sdk_win_64/winavr/bin/../lib/gcc/avr/4.3.3/avr5\libgcc.a(_moddi3.o)
 .bss           0x008001a6        0x0 c:/users/fly labs/desktop/imt tools/interfacing/imt_sdk_win_64/winavr/bin/../lib/gcc/avr/4.3.3/avr5\libgcc.a(_addsub_sf.o)
 .bss           0x008001a6        0x0 c:/users/fly labs/desktop/imt tools/interfacing/imt_sdk_win_64/winavr/bin/../lib/gcc/avr/4.3.3/avr5\libgcc.a(_mul_sf.o)
 .bss           0x008001a6        0x0 c:/users/fly labs/desktop/imt tools/interfacing/imt_sdk_win_64/winavr/bin/../lib/gcc/avr/4.3.3/avr5\libgcc.a(_gt_sf.o)
 .bss           0x008001a6        0x0 c:/users/fly labs/desktop/imt tools/interfacing/imt_sdk_win_64/winavr/bin/../lib/gcc/avr/4.3.3/avr5\libgcc.a(_ge_sf.o)
 .bss           0x008001a6        0x0 c:/users/fly labs/desktop/imt tools/interfacing/imt_sdk_win_64/winavr/bin/../lib/gcc/avr/4.3.3/avr5\libgcc.a(_lt_sf.o)
 .bss           0x008001a6        0x0 c:/users/fly labs/desktop/imt tools/interfacing/imt_sdk_win_64/winavr/bin/../lib/gcc/avr/4.3.3/avr5\libgcc.a(_sf_to_si.o)
 .bss           0x008001a6        0x0 c:/users/fly labs/desktop/imt tools/interfacing/imt_sdk_win_64/winavr/bin/../lib/gcc/avr/4.3.3/avr5\libgcc.a(_thenan_sf.o)
 .bss           0x008001a6        0x0 c:/users/fly labs/desktop/imt tools/interfacing/imt_sdk_win_64/winavr/bin/../lib/gcc/avr/4.3.3/avr5\libgcc.a(_udivmodsi4.o)
 .bss           0x008001a6        0x0 c:/users/fly labs/desktop/imt tools/interfacing/imt_sdk_win_64/winavr/bin/../lib/gcc/avr/4.3.3/avr5\libgcc.a(_prologue.o)
 .bss           0x008001a6        0x0 c:/users/fly labs/desktop/imt tools/interfacing/imt_sdk_win_64/winavr/bin/../lib/gcc/avr/4.3.3/avr5\libgcc.a(_epilogue.o)
 .bss           0x008001a6        0x0 c:/users/fly labs/desktop/imt tools/interfacing/imt_sdk_win_64/winavr/bin/../lib/gcc/avr/4.3.3/avr5\libgcc.a(_clz.o)
 .bss           0x008001a6        0x0 c:/users/fly labs/desktop/imt tools/interfacing/imt_sdk_win_64/winavr/bin/../lib/gcc/avr/4.3.3/avr5\libgcc.a(_pack_sf.o)
 .bss           0x008001a6        0x0 c:/users/fly labs/desktop/imt tools/interfacing/imt_sdk_win_64/winavr/bin/../lib/gcc/avr/4.3.3/avr5\libgcc.a(_unpack_sf.o)
 .bss           0x008001a6        0x0 c:/users/fly labs/desktop/imt tools/interfacing/imt_sdk_win_64/winavr/bin/../lib/gcc/avr/4.3.3/avr5\libgcc.a(_fpcmp_parts_sf.o)
 .bss           0x008001a6        0x0 c:/users/fly labs/desktop/imt tools/interfacing/imt_sdk_win_64/winavr/bin/../lib/gcc/avr/4.3.3/../../../../avr/lib/avr5\libc.a(strrev.o)
 *(.bss*)
 .bss.Result    0x008001a6        0x8 ./calculator_blocks.o
                0x008001a6                Result
 .bss.OperandsCounter
                0x008001ae        0x1 ./calculator_blocks.o
                0x008001ae                OperandsCounter
 .bss.OperationsCounter
                0x008001af        0x1 ./calculator_blocks.o
                0x008001af                OperationsCounter
 .bss.DigitsCounter
                0x008001b0        0x1 ./calculator_blocks.o
                0x008001b0                DigitsCounter
 .bss.FirstNumberSign
                0x008001b1        0x1 ./calculator_blocks.o
                0x008001b1                FirstNumberSign
 .bss.SignNumberFlagToConvertInt64
                0x008001b2        0x1 ./calculator_blocks.o
                0x008001b2                SignNumberFlagToConvertInt64
 .bss.OtherNumberSign
                0x008001b3        0x1 ./calculator_blocks.o
                0x008001b3                OtherNumberSign
 *(COMMON)
 COMMON         0x008001b4       0x7b ./calculator_blocks.o
                0x008001b4                Operands
                0x00800214                Digits
                0x00800224                Operations
                0x0080022f                PROVIDE (__bss_end, .)
                0x0000b326                __data_load_start = LOADADDR (.data)
                0x0000b46c                __data_load_end = (__data_load_start + SIZEOF (.data))

.noinit         0x0080022f        0x0
                0x0080022f                PROVIDE (__noinit_start, .)
 *(.noinit*)
                0x0080022f                PROVIDE (__noinit_end, .)
                0x0080022f                _end = .
                0x0080022f                PROVIDE (__heap_start, .)

.eeprom         0x00810000        0x0
 *(.eeprom*)
                0x00810000                __eeprom_end = .

.fuse
 *(.fuse)
 *(.lfuse)
 *(.hfuse)
 *(.efuse)

.lock
 *(.lock*)

.signature
 *(.signature*)

.stab           0x00000000     0x21cc
 *(.stab)
 .stab          0x00000000      0x78c ./Components/keypad.o
 .stab          0x0000078c      0xc24 ./Components/lcd.o
                                0xe70 (size before relaxing)
 .stab          0x000013b0      0x2a0 ./Calculator.o
                                0x54c (size before relaxing)
 .stab          0x00001650      0xb7c ./calculator_blocks.o
                                0xe58 (size before relaxing)

.stabstr        0x00000000     0x11fc
 *(.stabstr)
 .stabstr       0x00000000     0x11fc ./Components/keypad.o

.stab.excl
 *(.stab.excl)

.stab.exclstr
 *(.stab.exclstr)

.stab.index
 *(.stab.index)

.stab.indexstr
 *(.stab.indexstr)

.comment
 *(.comment)

.debug
 *(.debug)

.line
 *(.line)

.debug_srcinfo
 *(.debug_srcinfo)

.debug_sfnames
 *(.debug_sfnames)

.debug_aranges  0x00000000      0x1a0
 *(.debug_aranges)
 .debug_aranges
                0x00000000       0x20 c:/users/fly labs/desktop/imt tools/interfacing/imt_sdk_win_64/winavr/bin/../lib/gcc/avr/4.3.3/avr5\libgcc.a(_muldi3.o)
 .debug_aranges
                0x00000020       0x20 c:/users/fly labs/desktop/imt tools/interfacing/imt_sdk_win_64/winavr/bin/../lib/gcc/avr/4.3.3/avr5\libgcc.a(_fixunssfsi.o)
 .debug_aranges
                0x00000040       0x20 c:/users/fly labs/desktop/imt tools/interfacing/imt_sdk_win_64/winavr/bin/../lib/gcc/avr/4.3.3/avr5\libgcc.a(_divdi3.o)
 .debug_aranges
                0x00000060       0x20 c:/users/fly labs/desktop/imt tools/interfacing/imt_sdk_win_64/winavr/bin/../lib/gcc/avr/4.3.3/avr5\libgcc.a(_moddi3.o)
 .debug_aranges
                0x00000080       0x20 c:/users/fly labs/desktop/imt tools/interfacing/imt_sdk_win_64/winavr/bin/../lib/gcc/avr/4.3.3/avr5\libgcc.a(_addsub_sf.o)
 .debug_aranges
                0x000000a0       0x20 c:/users/fly labs/desktop/imt tools/interfacing/imt_sdk_win_64/winavr/bin/../lib/gcc/avr/4.3.3/avr5\libgcc.a(_mul_sf.o)
 .debug_aranges
                0x000000c0       0x20 c:/users/fly labs/desktop/imt tools/interfacing/imt_sdk_win_64/winavr/bin/../lib/gcc/avr/4.3.3/avr5\libgcc.a(_gt_sf.o)
 .debug_aranges
                0x000000e0       0x20 c:/users/fly labs/desktop/imt tools/interfacing/imt_sdk_win_64/winavr/bin/../lib/gcc/avr/4.3.3/avr5\libgcc.a(_ge_sf.o)
 .debug_aranges
                0x00000100       0x20 c:/users/fly labs/desktop/imt tools/interfacing/imt_sdk_win_64/winavr/bin/../lib/gcc/avr/4.3.3/avr5\libgcc.a(_lt_sf.o)
 .debug_aranges
                0x00000120       0x20 c:/users/fly labs/desktop/imt tools/interfacing/imt_sdk_win_64/winavr/bin/../lib/gcc/avr/4.3.3/avr5\libgcc.a(_sf_to_si.o)
 .debug_aranges
                0x00000140       0x20 c:/users/fly labs/desktop/imt tools/interfacing/imt_sdk_win_64/winavr/bin/../lib/gcc/avr/4.3.3/avr5\libgcc.a(_pack_sf.o)
 .debug_aranges
                0x00000160       0x20 c:/users/fly labs/desktop/imt tools/interfacing/imt_sdk_win_64/winavr/bin/../lib/gcc/avr/4.3.3/avr5\libgcc.a(_unpack_sf.o)
 .debug_aranges
                0x00000180       0x20 c:/users/fly labs/desktop/imt tools/interfacing/imt_sdk_win_64/winavr/bin/../lib/gcc/avr/4.3.3/avr5\libgcc.a(_fpcmp_parts_sf.o)

.debug_pubnames
                0x00000000      0x1ed
 *(.debug_pubnames)
 .debug_pubnames
                0x00000000       0x1f c:/users/fly labs/desktop/imt tools/interfacing/imt_sdk_win_64/winavr/bin/../lib/gcc/avr/4.3.3/avr5\libgcc.a(_muldi3.o)
 .debug_pubnames
                0x0000001f       0x23 c:/users/fly labs/desktop/imt tools/interfacing/imt_sdk_win_64/winavr/bin/../lib/gcc/avr/4.3.3/avr5\libgcc.a(_fixunssfsi.o)
 .debug_pubnames
                0x00000042       0x1f c:/users/fly labs/desktop/imt tools/interfacing/imt_sdk_win_64/winavr/bin/../lib/gcc/avr/4.3.3/avr5\libgcc.a(_divdi3.o)
 .debug_pubnames
                0x00000061       0x1f c:/users/fly labs/desktop/imt tools/interfacing/imt_sdk_win_64/winavr/bin/../lib/gcc/avr/4.3.3/avr5\libgcc.a(_moddi3.o)
 .debug_pubnames
                0x00000080       0x2c c:/users/fly labs/desktop/imt tools/interfacing/imt_sdk_win_64/winavr/bin/../lib/gcc/avr/4.3.3/avr5\libgcc.a(_addsub_sf.o)
 .debug_pubnames
                0x000000ac       0x1f c:/users/fly labs/desktop/imt tools/interfacing/imt_sdk_win_64/winavr/bin/../lib/gcc/avr/4.3.3/avr5\libgcc.a(_mul_sf.o)
 .debug_pubnames
                0x000000cb       0x1e c:/users/fly labs/desktop/imt tools/interfacing/imt_sdk_win_64/winavr/bin/../lib/gcc/avr/4.3.3/avr5\libgcc.a(_gt_sf.o)
 .debug_pubnames
                0x000000e9       0x1e c:/users/fly labs/desktop/imt tools/interfacing/imt_sdk_win_64/winavr/bin/../lib/gcc/avr/4.3.3/avr5\libgcc.a(_ge_sf.o)
 .debug_pubnames
                0x00000107       0x1e c:/users/fly labs/desktop/imt tools/interfacing/imt_sdk_win_64/winavr/bin/../lib/gcc/avr/4.3.3/avr5\libgcc.a(_lt_sf.o)
 .debug_pubnames
                0x00000125       0x20 c:/users/fly labs/desktop/imt tools/interfacing/imt_sdk_win_64/winavr/bin/../lib/gcc/avr/4.3.3/avr5\libgcc.a(_sf_to_si.o)
 .debug_pubnames
                0x00000145       0x22 c:/users/fly labs/desktop/imt tools/interfacing/imt_sdk_win_64/winavr/bin/../lib/gcc/avr/4.3.3/avr5\libgcc.a(_thenan_sf.o)
 .debug_pubnames
                0x00000167       0x20 c:/users/fly labs/desktop/imt tools/interfacing/imt_sdk_win_64/winavr/bin/../lib/gcc/avr/4.3.3/avr5\libgcc.a(_clz.o)
 .debug_pubnames
                0x00000187       0x1f c:/users/fly labs/desktop/imt tools/interfacing/imt_sdk_win_64/winavr/bin/../lib/gcc/avr/4.3.3/avr5\libgcc.a(_pack_sf.o)
 .debug_pubnames
                0x000001a6       0x21 c:/users/fly labs/desktop/imt tools/interfacing/imt_sdk_win_64/winavr/bin/../lib/gcc/avr/4.3.3/avr5\libgcc.a(_unpack_sf.o)
 .debug_pubnames
                0x000001c7       0x26 c:/users/fly labs/desktop/imt tools/interfacing/imt_sdk_win_64/winavr/bin/../lib/gcc/avr/4.3.3/avr5\libgcc.a(_fpcmp_parts_sf.o)

.debug_info     0x00000000     0x2dcf
 *(.debug_info)
 .debug_info    0x00000000      0x206 c:/users/fly labs/desktop/imt tools/interfacing/imt_sdk_win_64/winavr/bin/../lib/gcc/avr/4.3.3/avr5\libgcc.a(_muldi3.o)
 .debug_info    0x00000206       0xb1 c:/users/fly labs/desktop/imt tools/interfacing/imt_sdk_win_64/winavr/bin/../lib/gcc/avr/4.3.3/avr5\libgcc.a(_fixunssfsi.o)
 .debug_info    0x000002b7      0x756 c:/users/fly labs/desktop/imt tools/interfacing/imt_sdk_win_64/winavr/bin/../lib/gcc/avr/4.3.3/avr5\libgcc.a(_divdi3.o)
 .debug_info    0x00000a0d      0x781 c:/users/fly labs/desktop/imt tools/interfacing/imt_sdk_win_64/winavr/bin/../lib/gcc/avr/4.3.3/avr5\libgcc.a(_moddi3.o)
 .debug_info    0x0000118e      0x47a c:/users/fly labs/desktop/imt tools/interfacing/imt_sdk_win_64/winavr/bin/../lib/gcc/avr/4.3.3/avr5\libgcc.a(_addsub_sf.o)
 .debug_info    0x00001608      0x485 c:/users/fly labs/desktop/imt tools/interfacing/imt_sdk_win_64/winavr/bin/../lib/gcc/avr/4.3.3/avr5\libgcc.a(_mul_sf.o)
 .debug_info    0x00001a8d      0x27f c:/users/fly labs/desktop/imt tools/interfacing/imt_sdk_win_64/winavr/bin/../lib/gcc/avr/4.3.3/avr5\libgcc.a(_gt_sf.o)
 .debug_info    0x00001d0c      0x27f c:/users/fly labs/desktop/imt tools/interfacing/imt_sdk_win_64/winavr/bin/../lib/gcc/avr/4.3.3/avr5\libgcc.a(_ge_sf.o)
 .debug_info    0x00001f8b      0x27f c:/users/fly labs/desktop/imt tools/interfacing/imt_sdk_win_64/winavr/bin/../lib/gcc/avr/4.3.3/avr5\libgcc.a(_lt_sf.o)
 .debug_info    0x0000220a      0x2b0 c:/users/fly labs/desktop/imt tools/interfacing/imt_sdk_win_64/winavr/bin/../lib/gcc/avr/4.3.3/avr5\libgcc.a(_sf_to_si.o)
 .debug_info    0x000024ba      0x12c c:/users/fly labs/desktop/imt tools/interfacing/imt_sdk_win_64/winavr/bin/../lib/gcc/avr/4.3.3/avr5\libgcc.a(_thenan_sf.o)
 .debug_info    0x000025e6       0xa9 c:/users/fly labs/desktop/imt tools/interfacing/imt_sdk_win_64/winavr/bin/../lib/gcc/avr/4.3.3/avr5\libgcc.a(_clz.o)
 .debug_info    0x0000268f      0x2df c:/users/fly labs/desktop/imt tools/interfacing/imt_sdk_win_64/winavr/bin/../lib/gcc/avr/4.3.3/avr5\libgcc.a(_pack_sf.o)
 .debug_info    0x0000296e      0x251 c:/users/fly labs/desktop/imt tools/interfacing/imt_sdk_win_64/winavr/bin/../lib/gcc/avr/4.3.3/avr5\libgcc.a(_unpack_sf.o)
 .debug_info    0x00002bbf      0x210 c:/users/fly labs/desktop/imt tools/interfacing/imt_sdk_win_64/winavr/bin/../lib/gcc/avr/4.3.3/avr5\libgcc.a(_fpcmp_parts_sf.o)
 *(.gnu.linkonce.wi.*)

.debug_abbrev   0x00000000     0x1383
 *(.debug_abbrev)
 .debug_abbrev  0x00000000       0xf0 c:/users/fly labs/desktop/imt tools/interfacing/imt_sdk_win_64/winavr/bin/../lib/gcc/avr/4.3.3/avr5\libgcc.a(_muldi3.o)
 .debug_abbrev  0x000000f0       0x5d c:/users/fly labs/desktop/imt tools/interfacing/imt_sdk_win_64/winavr/bin/../lib/gcc/avr/4.3.3/avr5\libgcc.a(_fixunssfsi.o)
 .debug_abbrev  0x0000014d      0x19f c:/users/fly labs/desktop/imt tools/interfacing/imt_sdk_win_64/winavr/bin/../lib/gcc/avr/4.3.3/avr5\libgcc.a(_divdi3.o)
 .debug_abbrev  0x000002ec      0x19f c:/users/fly labs/desktop/imt tools/interfacing/imt_sdk_win_64/winavr/bin/../lib/gcc/avr/4.3.3/avr5\libgcc.a(_moddi3.o)
 .debug_abbrev  0x0000048b      0x1ea c:/users/fly labs/desktop/imt tools/interfacing/imt_sdk_win_64/winavr/bin/../lib/gcc/avr/4.3.3/avr5\libgcc.a(_addsub_sf.o)
 .debug_abbrev  0x00000675      0x21b c:/users/fly labs/desktop/imt tools/interfacing/imt_sdk_win_64/winavr/bin/../lib/gcc/avr/4.3.3/avr5\libgcc.a(_mul_sf.o)
 .debug_abbrev  0x00000890      0x15a c:/users/fly labs/desktop/imt tools/interfacing/imt_sdk_win_64/winavr/bin/../lib/gcc/avr/4.3.3/avr5\libgcc.a(_gt_sf.o)
 .debug_abbrev  0x000009ea      0x15a c:/users/fly labs/desktop/imt tools/interfacing/imt_sdk_win_64/winavr/bin/../lib/gcc/avr/4.3.3/avr5\libgcc.a(_ge_sf.o)
 .debug_abbrev  0x00000b44      0x15a c:/users/fly labs/desktop/imt tools/interfacing/imt_sdk_win_64/winavr/bin/../lib/gcc/avr/4.3.3/avr5\libgcc.a(_lt_sf.o)
 .debug_abbrev  0x00000c9e      0x17f c:/users/fly labs/desktop/imt tools/interfacing/imt_sdk_win_64/winavr/bin/../lib/gcc/avr/4.3.3/avr5\libgcc.a(_sf_to_si.o)
 .debug_abbrev  0x00000e1d       0xad c:/users/fly labs/desktop/imt tools/interfacing/imt_sdk_win_64/winavr/bin/../lib/gcc/avr/4.3.3/avr5\libgcc.a(_thenan_sf.o)
 .debug_abbrev  0x00000eca       0x6a c:/users/fly labs/desktop/imt tools/interfacing/imt_sdk_win_64/winavr/bin/../lib/gcc/avr/4.3.3/avr5\libgcc.a(_clz.o)
 .debug_abbrev  0x00000f34      0x1c0 c:/users/fly labs/desktop/imt tools/interfacing/imt_sdk_win_64/winavr/bin/../lib/gcc/avr/4.3.3/avr5\libgcc.a(_pack_sf.o)
 .debug_abbrev  0x000010f4      0x154 c:/users/fly labs/desktop/imt tools/interfacing/imt_sdk_win_64/winavr/bin/../lib/gcc/avr/4.3.3/avr5\libgcc.a(_unpack_sf.o)
 .debug_abbrev  0x00001248      0x13b c:/users/fly labs/desktop/imt tools/interfacing/imt_sdk_win_64/winavr/bin/../lib/gcc/avr/4.3.3/avr5\libgcc.a(_fpcmp_parts_sf.o)

.debug_line     0x00000000     0x1380
 *(.debug_line)
 .debug_line    0x00000000       0xaf c:/users/fly labs/desktop/imt tools/interfacing/imt_sdk_win_64/winavr/bin/../lib/gcc/avr/4.3.3/avr5\libgcc.a(_muldi3.o)
 .debug_line    0x000000af       0xa7 c:/users/fly labs/desktop/imt tools/interfacing/imt_sdk_win_64/winavr/bin/../lib/gcc/avr/4.3.3/avr5\libgcc.a(_fixunssfsi.o)
 .debug_line    0x00000156      0x228 c:/users/fly labs/desktop/imt tools/interfacing/imt_sdk_win_64/winavr/bin/../lib/gcc/avr/4.3.3/avr5\libgcc.a(_divdi3.o)
 .debug_line    0x0000037e      0x280 c:/users/fly labs/desktop/imt tools/interfacing/imt_sdk_win_64/winavr/bin/../lib/gcc/avr/4.3.3/avr5\libgcc.a(_moddi3.o)
 .debug_line    0x000005fe      0x2af c:/users/fly labs/desktop/imt tools/interfacing/imt_sdk_win_64/winavr/bin/../lib/gcc/avr/4.3.3/avr5\libgcc.a(_addsub_sf.o)
 .debug_line    0x000008ad      0x239 c:/users/fly labs/desktop/imt tools/interfacing/imt_sdk_win_64/winavr/bin/../lib/gcc/avr/4.3.3/avr5\libgcc.a(_mul_sf.o)
 .debug_line    0x00000ae6       0xd3 c:/users/fly labs/desktop/imt tools/interfacing/imt_sdk_win_64/winavr/bin/../lib/gcc/avr/4.3.3/avr5\libgcc.a(_gt_sf.o)
 .debug_line    0x00000bb9       0xd3 c:/users/fly labs/desktop/imt tools/interfacing/imt_sdk_win_64/winavr/bin/../lib/gcc/avr/4.3.3/avr5\libgcc.a(_ge_sf.o)
 .debug_line    0x00000c8c       0xd3 c:/users/fly labs/desktop/imt tools/interfacing/imt_sdk_win_64/winavr/bin/../lib/gcc/avr/4.3.3/avr5\libgcc.a(_lt_sf.o)
 .debug_line    0x00000d5f      0x109 c:/users/fly labs/desktop/imt tools/interfacing/imt_sdk_win_64/winavr/bin/../lib/gcc/avr/4.3.3/avr5\libgcc.a(_sf_to_si.o)
 .debug_line    0x00000e68       0x90 c:/users/fly labs/desktop/imt tools/interfacing/imt_sdk_win_64/winavr/bin/../lib/gcc/avr/4.3.3/avr5\libgcc.a(_thenan_sf.o)
 .debug_line    0x00000ef8       0x7c c:/users/fly labs/desktop/imt tools/interfacing/imt_sdk_win_64/winavr/bin/../lib/gcc/avr/4.3.3/avr5\libgcc.a(_clz.o)
 .debug_line    0x00000f74      0x18a c:/users/fly labs/desktop/imt tools/interfacing/imt_sdk_win_64/winavr/bin/../lib/gcc/avr/4.3.3/avr5\libgcc.a(_pack_sf.o)
 .debug_line    0x000010fe      0x14b c:/users/fly labs/desktop/imt tools/interfacing/imt_sdk_win_64/winavr/bin/../lib/gcc/avr/4.3.3/avr5\libgcc.a(_unpack_sf.o)
 .debug_line    0x00001249      0x137 c:/users/fly labs/desktop/imt tools/interfacing/imt_sdk_win_64/winavr/bin/../lib/gcc/avr/4.3.3/avr5\libgcc.a(_fpcmp_parts_sf.o)

.debug_frame    0x00000000      0x1c0
 *(.debug_frame)
 .debug_frame   0x00000000       0x20 c:/users/fly labs/desktop/imt tools/interfacing/imt_sdk_win_64/winavr/bin/../lib/gcc/avr/4.3.3/avr5\libgcc.a(_muldi3.o)
 .debug_frame   0x00000020       0x20 c:/users/fly labs/desktop/imt tools/interfacing/imt_sdk_win_64/winavr/bin/../lib/gcc/avr/4.3.3/avr5\libgcc.a(_fixunssfsi.o)
 .debug_frame   0x00000040       0x20 c:/users/fly labs/desktop/imt tools/interfacing/imt_sdk_win_64/winavr/bin/../lib/gcc/avr/4.3.3/avr5\libgcc.a(_divdi3.o)
 .debug_frame   0x00000060       0x20 c:/users/fly labs/desktop/imt tools/interfacing/imt_sdk_win_64/winavr/bin/../lib/gcc/avr/4.3.3/avr5\libgcc.a(_moddi3.o)
 .debug_frame   0x00000080       0x40 c:/users/fly labs/desktop/imt tools/interfacing/imt_sdk_win_64/winavr/bin/../lib/gcc/avr/4.3.3/avr5\libgcc.a(_addsub_sf.o)
 .debug_frame   0x000000c0       0x20 c:/users/fly labs/desktop/imt tools/interfacing/imt_sdk_win_64/winavr/bin/../lib/gcc/avr/4.3.3/avr5\libgcc.a(_mul_sf.o)
 .debug_frame   0x000000e0       0x20 c:/users/fly labs/desktop/imt tools/interfacing/imt_sdk_win_64/winavr/bin/../lib/gcc/avr/4.3.3/avr5\libgcc.a(_gt_sf.o)
 .debug_frame   0x00000100       0x20 c:/users/fly labs/desktop/imt tools/interfacing/imt_sdk_win_64/winavr/bin/../lib/gcc/avr/4.3.3/avr5\libgcc.a(_ge_sf.o)
 .debug_frame   0x00000120       0x20 c:/users/fly labs/desktop/imt tools/interfacing/imt_sdk_win_64/winavr/bin/../lib/gcc/avr/4.3.3/avr5\libgcc.a(_lt_sf.o)
 .debug_frame   0x00000140       0x20 c:/users/fly labs/desktop/imt tools/interfacing/imt_sdk_win_64/winavr/bin/../lib/gcc/avr/4.3.3/avr5\libgcc.a(_sf_to_si.o)
 .debug_frame   0x00000160       0x20 c:/users/fly labs/desktop/imt tools/interfacing/imt_sdk_win_64/winavr/bin/../lib/gcc/avr/4.3.3/avr5\libgcc.a(_pack_sf.o)
 .debug_frame   0x00000180       0x20 c:/users/fly labs/desktop/imt tools/interfacing/imt_sdk_win_64/winavr/bin/../lib/gcc/avr/4.3.3/avr5\libgcc.a(_unpack_sf.o)
 .debug_frame   0x000001a0       0x20 c:/users/fly labs/desktop/imt tools/interfacing/imt_sdk_win_64/winavr/bin/../lib/gcc/avr/4.3.3/avr5\libgcc.a(_fpcmp_parts_sf.o)

.debug_str      0x00000000      0x324
 *(.debug_str)
 .debug_str     0x00000000       0xed c:/users/fly labs/desktop/imt tools/interfacing/imt_sdk_win_64/winavr/bin/../lib/gcc/avr/4.3.3/avr5\libgcc.a(_muldi3.o)
                                0x13f (size before relaxing)
 .debug_str     0x000000ed       0x14 c:/users/fly labs/desktop/imt tools/interfacing/imt_sdk_win_64/winavr/bin/../lib/gcc/avr/4.3.3/avr5\libgcc.a(_fixunssfsi.o)
                                 0xfe (size before relaxing)
 .debug_str     0x00000101       0x53 c:/users/fly labs/desktop/imt tools/interfacing/imt_sdk_win_64/winavr/bin/../lib/gcc/avr/4.3.3/avr5\libgcc.a(_divdi3.o)
                                0x189 (size before relaxing)
 .debug_str     0x00000154        0x9 c:/users/fly labs/desktop/imt tools/interfacing/imt_sdk_win_64/winavr/bin/../lib/gcc/avr/4.3.3/avr5\libgcc.a(_moddi3.o)
                                0x189 (size before relaxing)
 .debug_str     0x0000015d      0x14d c:/users/fly labs/desktop/imt tools/interfacing/imt_sdk_win_64/winavr/bin/../lib/gcc/avr/4.3.3/avr5\libgcc.a(_addsub_sf.o)
                                0x206 (size before relaxing)
 .debug_str     0x000002aa       0x27 c:/users/fly labs/desktop/imt tools/interfacing/imt_sdk_win_64/winavr/bin/../lib/gcc/avr/4.3.3/avr5\libgcc.a(_mul_sf.o)
                                0x1bf (size before relaxing)
 .debug_str     0x000002d1        0x8 c:/users/fly labs/desktop/imt tools/interfacing/imt_sdk_win_64/winavr/bin/../lib/gcc/avr/4.3.3/avr5\libgcc.a(_gt_sf.o)
                                0x195 (size before relaxing)
 .debug_str     0x000002d9        0x8 c:/users/fly labs/desktop/imt tools/interfacing/imt_sdk_win_64/winavr/bin/../lib/gcc/avr/4.3.3/avr5\libgcc.a(_ge_sf.o)
                                0x195 (size before relaxing)
 .debug_str     0x000002e1        0x8 c:/users/fly labs/desktop/imt tools/interfacing/imt_sdk_win_64/winavr/bin/../lib/gcc/avr/4.3.3/avr5\libgcc.a(_lt_sf.o)
                                0x195 (size before relaxing)
 .debug_str     0x000002e9        0xa c:/users/fly labs/desktop/imt tools/interfacing/imt_sdk_win_64/winavr/bin/../lib/gcc/avr/4.3.3/avr5\libgcc.a(_sf_to_si.o)
                                0x19e (size before relaxing)
 .debug_str     0x00000000      0x103 c:/users/fly labs/desktop/imt tools/interfacing/imt_sdk_win_64/winavr/bin/../lib/gcc/avr/4.3.3/avr5\libgcc.a(_thenan_sf.o)
 .debug_str     0x00000000       0xf4 c:/users/fly labs/desktop/imt tools/interfacing/imt_sdk_win_64/winavr/bin/../lib/gcc/avr/4.3.3/avr5\libgcc.a(_clz.o)
 .debug_str     0x000002f3       0x16 c:/users/fly labs/desktop/imt tools/interfacing/imt_sdk_win_64/winavr/bin/../lib/gcc/avr/4.3.3/avr5\libgcc.a(_pack_sf.o)
                                0x19d (size before relaxing)
 .debug_str     0x00000309        0xb c:/users/fly labs/desktop/imt tools/interfacing/imt_sdk_win_64/winavr/bin/../lib/gcc/avr/4.3.3/avr5\libgcc.a(_unpack_sf.o)
                                0x17f (size before relaxing)
 .debug_str     0x00000314       0x10 c:/users/fly labs/desktop/imt tools/interfacing/imt_sdk_win_64/winavr/bin/../lib/gcc/avr/4.3.3/avr5\libgcc.a(_fpcmp_parts_sf.o)
                                0x163 (size before relaxing)

.debug_loc      0x00000000     0x228c
 *(.debug_loc)
 .debug_loc     0x00000000       0xcc c:/users/fly labs/desktop/imt tools/interfacing/imt_sdk_win_64/winavr/bin/../lib/gcc/avr/4.3.3/avr5\libgcc.a(_muldi3.o)
 .debug_loc     0x000000cc       0x34 c:/users/fly labs/desktop/imt tools/interfacing/imt_sdk_win_64/winavr/bin/../lib/gcc/avr/4.3.3/avr5\libgcc.a(_fixunssfsi.o)
 .debug_loc     0x00000100      0xe71 c:/users/fly labs/desktop/imt tools/interfacing/imt_sdk_win_64/winavr/bin/../lib/gcc/avr/4.3.3/avr5\libgcc.a(_divdi3.o)
 .debug_loc     0x00000f71      0xb81 c:/users/fly labs/desktop/imt tools/interfacing/imt_sdk_win_64/winavr/bin/../lib/gcc/avr/4.3.3/avr5\libgcc.a(_moddi3.o)
 .debug_loc     0x00001af2      0x32a c:/users/fly labs/desktop/imt tools/interfacing/imt_sdk_win_64/winavr/bin/../lib/gcc/avr/4.3.3/avr5\libgcc.a(_addsub_sf.o)
 .debug_loc     0x00001e1c      0x104 c:/users/fly labs/desktop/imt tools/interfacing/imt_sdk_win_64/winavr/bin/../lib/gcc/avr/4.3.3/avr5\libgcc.a(_mul_sf.o)
 .debug_loc     0x00001f20       0x3c c:/users/fly labs/desktop/imt tools/interfacing/imt_sdk_win_64/winavr/bin/../lib/gcc/avr/4.3.3/avr5\libgcc.a(_gt_sf.o)
 .debug_loc     0x00001f5c       0x3c c:/users/fly labs/desktop/imt tools/interfacing/imt_sdk_win_64/winavr/bin/../lib/gcc/avr/4.3.3/avr5\libgcc.a(_ge_sf.o)
 .debug_loc     0x00001f98       0x3c c:/users/fly labs/desktop/imt tools/interfacing/imt_sdk_win_64/winavr/bin/../lib/gcc/avr/4.3.3/avr5\libgcc.a(_lt_sf.o)
 .debug_loc     0x00001fd4       0x7e c:/users/fly labs/desktop/imt tools/interfacing/imt_sdk_win_64/winavr/bin/../lib/gcc/avr/4.3.3/avr5\libgcc.a(_sf_to_si.o)
 .debug_loc     0x00002052      0x13e c:/users/fly labs/desktop/imt tools/interfacing/imt_sdk_win_64/winavr/bin/../lib/gcc/avr/4.3.3/avr5\libgcc.a(_pack_sf.o)
 .debug_loc     0x00002190       0xac c:/users/fly labs/desktop/imt tools/interfacing/imt_sdk_win_64/winavr/bin/../lib/gcc/avr/4.3.3/avr5\libgcc.a(_unpack_sf.o)
 .debug_loc     0x0000223c       0x50 c:/users/fly labs/desktop/imt tools/interfacing/imt_sdk_win_64/winavr/bin/../lib/gcc/avr/4.3.3/avr5\libgcc.a(_fpcmp_parts_sf.o)

.debug_macinfo
 *(.debug_macinfo)
OUTPUT(calc.elf elf32-avr)
LOAD linker stubs

.debug_ranges   0x00000000       0x80
 .debug_ranges  0x00000000       0x18 c:/users/fly labs/desktop/imt tools/interfacing/imt_sdk_win_64/winavr/bin/../lib/gcc/avr/4.3.3/avr5\libgcc.a(_divdi3.o)
 .debug_ranges  0x00000018       0x18 c:/users/fly labs/desktop/imt tools/interfacing/imt_sdk_win_64/winavr/bin/../lib/gcc/avr/4.3.3/avr5\libgcc.a(_moddi3.o)
 .debug_ranges  0x00000030       0x50 c:/users/fly labs/desktop/imt tools/interfacing/imt_sdk_win_64/winavr/bin/../lib/gcc/avr/4.3.3/avr5\libgcc.a(_mul_sf.o)
